[demo.posthemes.com/pos_ecolife/layout2/en/index.html]
[backblue.gif]
[fade.gif]
[index.html]
[ajax.googleapis.com/ajax/libs/jquery/3.2.1/jquery.min.js]
[demo.posthemes.com/pos_ecolife/layout2/img/l/1.jpg]
[demo.posthemes.com/pos_ecolife/layout2/img/l/2.jpg]
[demo.posthemes.com/pos_ecolife/layout2/en/index6edc.html]
[demo.posthemes.com/pos_ecolife/layout2/en/loginfd9a.html]
[demo.posthemes.com/pos_ecolife/layout2/en/indexe3c8.html]
[demo.posthemes.com/pos_ecolife/layout2/en/cart75f4.html]
[demo.posthemes.com/pos_ecolife/layout2/en/login15b0.html]
[demo.posthemes.com/pos_ecolife/layout2/img/ecolife-responsive-prestashop-theme-logo-1580528177.jpg]
[demo.posthemes.com/pos_ecolife/layout2/en/104-fresh-food.html]
[demo.posthemes.com/pos_ecolife/layout2/en/183-fresh-fruit.html]
[demo.posthemes.com/pos_ecolife/layout2/en/187-bananas.html]
[demo.posthemes.com/pos_ecolife/layout2/en/188-apples-pears.html]
[demo.posthemes.com/pos_ecolife/layout2/en/189-berries-cherries.html]
[demo.posthemes.com/pos_ecolife/layout2/en/190-oranges-citrus-fruit.html]
[demo.posthemes.com/pos_ecolife/layout2/en/191-grapes.html]
[demo.posthemes.com/pos_ecolife/layout2/en/184-fresh-vegetables.html]
[demo.posthemes.com/pos_ecolife/layout2/en/192-potatoes-sweet-potatoes.html]
[demo.posthemes.com/pos_ecolife/layout2/en/193-onions-leeks.html]
[demo.posthemes.com/pos_ecolife/layout2/en/194-carrots-root-vegetables.html]
[demo.posthemes.com/pos_ecolife/layout2/en/195-broccoli-cauliflower.html]
[demo.posthemes.com/pos_ecolife/layout2/en/196--cabbages-greens.html]
[demo.posthemes.com/pos_ecolife/layout2/en/185-fresh-salad-dips.html]
[demo.posthemes.com/pos_ecolife/layout2/en/197-lettuce-salad-bags.html]
[demo.posthemes.com/pos_ecolife/layout2/en/198-tomatoes.html]
[demo.posthemes.com/pos_ecolife/layout2/en/199-cucumber.html]
[demo.posthemes.com/pos_ecolife/layout2/en/200-celery.html]
[demo.posthemes.com/pos_ecolife/layout2/en/201-peppers.html]
[demo.posthemes.com/pos_ecolife/layout2/en/186-milk-butter-eggs.html]
[demo.posthemes.com/pos_ecolife/layout2/en/202-milk.html]
[demo.posthemes.com/pos_ecolife/layout2/en/203--spreads-margarine.html]
[demo.posthemes.com/pos_ecolife/layout2/en/204-fresh-cream-custard.html]
[demo.posthemes.com/pos_ecolife/layout2/en/205-eggs.html]
[demo.posthemes.com/pos_ecolife/layout2/en/206-baking-cooking.html]
[demo.posthemes.com/pos_ecolife/layout2/img/cms/banner-menu.jpg]
[demo.posthemes.com/pos_ecolife/layout2/en/prices-drop.html]
[demo.posthemes.com/pos_ecolife/layout2/en/contact-us.html]
[demo.posthemes.com/pos_ecolife/layout2/modules/posslideshows/images/03c53493b66e3228091fb5027e13aa8e78207328_1_2.jpg]
[demo.posthemes.com/pos_ecolife/layout2/modules/posslideshows/images/081b9c1b802e10a8438349ca084ec5451f955c8e_2_2.jpg]
[demo.posthemes.com/pos_ecolife/layout2/img/cms/1_1.jpg]
[demo.posthemes.com/pos_ecolife/layout2/img/cms/2_1.jpg]
[demo.posthemes.com/pos_ecolife/layout2/img/cms/3_1.jpg]
[demo.posthemes.com/pos_ecolife/layout2/modules/poslistcategories/images/thumb-1.jpg]
[demo.posthemes.com/pos_ecolife/layout2/modules/poslistcategories/images/thumb-2.jpg]
[demo.posthemes.com/pos_ecolife/layout2/modules/poslistcategories/images/thumb-3.jpg]
[demo.posthemes.com/pos_ecolife/layout2/modules/poslistcategories/images/thumb-4.jpg]
[demo.posthemes.com/pos_ecolife/layout2/modules/poslistcategories/images/thumb-5.jpg]
[demo.posthemes.com/pos_ecolife/layout2/modules/poslistcategories/images/thumb-6.jpg]
[demo.posthemes.com/pos_ecolife/layout2/modules/poslistcategories/images/thumb-7.jpg]
[demo.posthemes.com/pos_ecolife/layout2/modules/poslistcategories/images/thumb-8.jpg]
[demo.posthemes.com/pos_ecolife/layout2/en/fresh-food/17-109-originals-kaval-windbreaker-winter-jacket-2.html]
[demo.posthemes.com/pos_ecolife/layout2/92-home_default/originals-kaval-windbreaker-winter-jacket-2.jpg]
[demo.posthemes.com/pos_ecolife/layout2/en/brand/1-studio-design.html]
[demo.posthemes.com/pos_ecolife/layout2/en/fresh-food/17-103-originals-kaval-windbreaker-winter-jacket-2.html]
[demo.posthemes.com/pos_ecolife/layout2/en/fresh-food/17-102-originals-kaval-windbreaker-winter-jacket-2.html]
[demo.posthemes.com/pos_ecolife/layout2/en/fresh-food/1-1-originals-kaval-windbreaker-winter-jacket.html]
[demo.posthemes.com/pos_ecolife/layout2/72-home_default/originals-kaval-windbreaker-winter-jacket.jpg]
[demo.posthemes.com/pos_ecolife/layout2/72-large_default/originals-kaval-windbreaker-winter-jacket.jpg]
[demo.posthemes.com/pos_ecolife/layout2/73-home_default/originals-kaval-windbreaker-winter-jacket.jpg]
[demo.posthemes.com/pos_ecolife/layout2/en/fresh-food/1-2-originals-kaval-windbreaker-winter-jacket.html]
[demo.posthemes.com/pos_ecolife/layout2/41-home_default/new-balance-fresh-foam-kaymin.jpg]
[demo.posthemes.com/pos_ecolife/layout2/en/fresh-food/9-22-new-balance-fresh-foam-kaymin.html]
[demo.posthemes.com/pos_ecolife/layout2/41-large_default/new-balance-fresh-foam-kaymin.jpg]
[demo.posthemes.com/pos_ecolife/layout2/40-home_default/new-balance-fresh-foam-kaymin.jpg]
[demo.posthemes.com/pos_ecolife/layout2/en/fresh-food/9-23-new-balance-fresh-foam-kaymin.html]
[demo.posthemes.com/pos_ecolife/layout2/en/fresh-food/6-madden-by-steve-madden-cale-6.html]
[demo.posthemes.com/pos_ecolife/layout2/52-home_default/madden-by-steve-madden-cale-6.jpg]
[demo.posthemes.com/pos_ecolife/layout2/52-large_default/madden-by-steve-madden-cale-6.jpg]
[demo.posthemes.com/pos_ecolife/layout2/en/fresh-food/16-101-juicy-couture-juicy-quilted-terry-track-jacket.html]
[demo.posthemes.com/pos_ecolife/layout2/89-home_default/juicy-couture-juicy-quilted-terry-track-jacket.jpg]
[demo.posthemes.com/pos_ecolife/layout2/89-large_default/juicy-couture-juicy-quilted-terry-track-jacket.jpg]
[demo.posthemes.com/pos_ecolife/layout2/en/fresh-food/16-99-juicy-couture-juicy-quilted-terry-track-jacket.html]
[demo.posthemes.com/pos_ecolife/layout2/en/fresh-food/16-100-juicy-couture-juicy-quilted-terry-track-jacket.html]
[demo.posthemes.com/pos_ecolife/layout2/en/fresh-food/2-9-juicy-couture-juicy-quilted-terry-track-jacket.html]
[demo.posthemes.com/pos_ecolife/layout2/68-home_default/juicy-couture-juicy-quilted-terry-track-jacket.jpg]
[demo.posthemes.com/pos_ecolife/layout2/68-large_default/juicy-couture-juicy-quilted-terry-track-jacket.jpg]
[demo.posthemes.com/pos_ecolife/layout2/en/fresh-food/2-88-juicy-couture-juicy-quilted-terry-track-jacket.html]
[demo.posthemes.com/pos_ecolife/layout2/en/fresh-food/2-89-juicy-couture-juicy-quilted-terry-track-jacket.html]
[demo.posthemes.com/pos_ecolife/layout2/92-large_default/originals-kaval-windbreaker-winter-jacket-2.jpg]
[demo.posthemes.com/pos_ecolife/layout2/86-home_default/brixton-patrol-all-terrain-anorak-jacket.jpg]
[demo.posthemes.com/pos_ecolife/layout2/en/fresh-food/15-95-brixton-patrol-all-terrain-anorak-jacket.html]
[demo.posthemes.com/pos_ecolife/layout2/86-large_default/brixton-patrol-all-terrain-anorak-jacket.jpg]
[demo.posthemes.com/pos_ecolife/layout2/en/brand/2-graphic-corner.html]
[demo.posthemes.com/pos_ecolife/layout2/80-home_default/new-luxury-men-s-slim-fit-shirt-short-sleeve-stylish-casual-blouse.57.delay]
[demo.posthemes.com/pos_ecolife/layout2/80-large_default/new-luxury-men-s-slim-fit-shirt-short-sleeve-stylish-casual-blouse.58.dela]
[demo.posthemes.com/pos_ecolife/layout2/en/fresh-food/7-trans-weight-hooded-wind-and-water-resistant-shell.html]
[demo.posthemes.com/pos_ecolife/layout2/49-home_default/trans-weight-hooded-wind-and-water-resistant-shell.jpg]
[demo.posthemes.com/pos_ecolife/layout2/en/fresh-food/14-92-new-luxury-men-s-slim-fit-shirt-short-sleeve-stylish-casual-blouse.56.d]
[demo.posthemes.com/pos_ecolife/layout2/49-large_default/trans-weight-hooded-wind-and-water-resistant-shell.jpg]
[demo.posthemes.com/pos_ecolife/layout2/48-home_default/trans-weight-hooded-wind-and-water-resistant-shell.jpg]
[demo.posthemes.com/pos_ecolife/layout2/en/fresh-food/8--water-and-wind-resistant-insulated-jacket.html]
[demo.posthemes.com/pos_ecolife/layout2/45-home_default/-water-and-wind-resistant-insulated-jacket.jpg]
[demo.posthemes.com/pos_ecolife/layout2/45-large_default/-water-and-wind-resistant-insulated-jacket.jpg]
[demo.posthemes.com/pos_ecolife/layout2/en/fresh-food/10-24-brown-bear-cushion.html]
[demo.posthemes.com/pos_ecolife/layout2/36-home_default/brown-bear-cushion.jpg]
[demo.posthemes.com/pos_ecolife/layout2/36-large_default/brown-bear-cushion.jpg]
[demo.posthemes.com/pos_ecolife/layout2/en/fresh-food/10-25-brown-bear-cushion.html]
[demo.posthemes.com/pos_ecolife/layout2/en/fresh-food/11-26-new-balance-fresh-foam-lazr-v1-sport.html]
[demo.posthemes.com/pos_ecolife/layout2/33-home_default/new-balance-fresh-foam-lazr-v1-sport.jpg]
[demo.posthemes.com/pos_ecolife/layout2/33-large_default/new-balance-fresh-foam-lazr-v1-sport.jpg]
[demo.posthemes.com/pos_ecolife/layout2/32-home_default/new-balance-fresh-foam-lazr-v1-sport.jpg]
[demo.posthemes.com/pos_ecolife/layout2/en/fresh-food/11-27-new-balance-fresh-foam-lazr-v1-sport.html]
[demo.posthemes.com/pos_ecolife/layout2/img/postestimonial/sample1.png]
[demo.posthemes.com/pos_ecolife/layout2/img/postestimonial/sample2.png]
[demo.posthemes.com/pos_ecolife/layout2/img/postestimonial/sample3.png]
[demo.posthemes.com/pos_ecolife/layout2/img/cms/icon_cms1.png]
[demo.posthemes.com/pos_ecolife/layout2/img/cms/icon_cms2.png]
[demo.posthemes.com/pos_ecolife/layout2/img/cms/icon_cms3.png]
[demo.posthemes.com/pos_ecolife/layout2/img/cms/icon_cms4.png]
[demo.posthemes.com/pos_ecolife/layout2/en/fresh-food/5-19-calvin-klein-jeans-reflective-logo-full-zip.html]
[demo.posthemes.com/pos_ecolife/layout2/56-home_default/calvin-klein-jeans-reflective-logo-full-zip.jpg]
[demo.posthemes.com/pos_ecolife/layout2/57-home_default/calvin-klein-jeans-reflective-logo-full-zip.jpg]
[demo.posthemes.com/pos_ecolife/layout2/en/fresh-food/13-brown-bear-vector-graphics.html]
[demo.posthemes.com/pos_ecolife/layout2/24-home_default/brown-bear-vector-graphics.jpg]
[demo.posthemes.com/pos_ecolife/layout2/25-home_default/brown-bear-vector-graphics.jpg]
[demo.posthemes.com/pos_ecolife/layout2/en/fresh-food/4-16-the-adventure-begins-framed-poster.html]
[demo.posthemes.com/pos_ecolife/layout2/60-home_default/the-adventure-begins-framed-poster.jpg]
[demo.posthemes.com/pos_ecolife/layout2/en/fresh-food/12-juicy-couture-tricot-logo-stripe-jacket.html]
[demo.posthemes.com/pos_ecolife/layout2/28-home_default/juicy-couture-tricot-logo-stripe-jacket.jpg]
[demo.posthemes.com/pos_ecolife/layout2/en/fresh-food/3-13-brixton-patrol-all-terrain-anorak-jacket.html]
[demo.posthemes.com/pos_ecolife/layout2/64-home_default/brixton-patrol-all-terrain-anorak-jacket.jpg]
[demo.posthemes.com/pos_ecolife/layout2/65-home_default/brixton-patrol-all-terrain-anorak-jacket.jpg]
[demo.posthemes.com/pos_ecolife/layout2/img/cms/4_1.jpg]
[demo.posthemes.com/pos_ecolife/layout2/en/xipblog/post/2_this-is-secound-post-for-xipblog4884.html]
[demo.posthemes.com/pos_ecolife/layout2/modules/xipblog/img/home_default-blog2.jpg]
[demo.posthemes.com/pos_ecolife/layout2/en/xipblog/category/1_organice9f8.html]
[demo.posthemes.com/pos_ecolife/layout2/en/xipblog/post/3_this-is-third-post-for-xipblog4884.html]
[demo.posthemes.com/pos_ecolife/layout2/modules/xipblog/img/home_default-blog3.jpg]
[demo.posthemes.com/pos_ecolife/layout2/en/xipblog/post/4_this-is-fourth-post-for-xipblog4884.html]
[demo.posthemes.com/pos_ecolife/layout2/modules/xipblog/img/home_default-blog4.jpg]
[demo.posthemes.com/pos_ecolife/layout2/en/xipblog/post/1_this-is-first-post-for-xipblog4884.html]
[demo.posthemes.com/pos_ecolife/layout2/modules/xipblog/img/home_default-blog1.jpg]
[demo.posthemes.com/pos_ecolife/layout2/img/blocklogo/1.jpg]
[demo.posthemes.com/pos_ecolife/layout2/img/blocklogo/2.jpg]
[demo.posthemes.com/pos_ecolife/layout2/img/blocklogo/3.jpg]
[demo.posthemes.com/pos_ecolife/layout2/img/blocklogo/4.jpg]
[demo.posthemes.com/pos_ecolife/layout2/img/blocklogo/5.jpg]
[demo.posthemes.com/pos_ecolife/layout2/img/blocklogo/6.jpg]
[demo.posthemes.com/pos_ecolife/layout2/img/blocklogo/7.jpg]
[demo.posthemes.com/pos_ecolife/layout2/img/cms/logo_footer.png]
[demo.posthemes.com/pos_ecolife/layout2/en/content/1-delivery.html]
[demo.posthemes.com/pos_ecolife/layout2/en/content/4-about-us.html]
[demo.posthemes.com/pos_ecolife/layout2/en/content/5-secure-payment.html]
[demo.posthemes.com/pos_ecolife/layout2/en/sitemap.html]
[demo.posthemes.com/pos_ecolife/layout2/en/stores.html]
[demo.posthemes.com/pos_ecolife/layout2/en/content/2-legal-notice.html]
[demo.posthemes.com/pos_ecolife/layout2/en/new-products.html]
[demo.posthemes.com/pos_ecolife/layout2/en/best-sales.html]
[demo.posthemes.com/pos_ecolife/layout2/en/login.html]
[demo.posthemes.com/pos_ecolife/layout2/img/cms/app_store.png]
[demo.posthemes.com/pos_ecolife/layout2/img/cms/google_play.png]
[demo.posthemes.com/pos_ecolife/layout2/img/cms/payment.png]
[demo.posthemes.com/pos_ecolife/layout2/themes/theme_ecolife2/assets/cache/bottom-cde0dd14.js]
[demo.posthemes.com/pos_ecolife/layout2/en/index.html]
[demo.posthemes.com/pos_ecolife/layout2/modules/blockwishlist/img/icon/pict_add_wishlist.png]
[demo.posthemes.com/pos_ecolife/layout2/themes/theme_ecolife2/assets/cache/theme-b4379b15.css]
[demo.posthemes.com/pos_ecolife/layout2/en/index6edc.html]
[demo.posthemes.com/pos_ecolife/layout2/en/indexe3c8.html]
[demo.posthemes.com/pos_ecolife/layout2/en/index7eb6.html]
[demo.posthemes.com/pos_ecolife/layout2/en/loginb36a.html]
[demo.posthemes.com/pos_ecolife/layout2/en/login022d.html]
[demo.posthemes.com/pos_ecolife/layout2/en/password-recovery.html]
[demo.posthemes.com/pos_ecolife/layout2/en/loginfd9a.html]
[demo.posthemes.com/pos_ecolife/layout2/en/loginca5f.html]
[demo.posthemes.com/pos_ecolife/layout2/en/cartcdf9.html]
[demo.posthemes.com/pos_ecolife/layout2/en/cart75f4.html]
[demo.posthemes.com/pos_ecolife/layout2/en/cartd1e3.html]
[demo.posthemes.com/pos_ecolife/layout2/en/loginac46.html]
[demo.posthemes.com/pos_ecolife/layout2/en/login15b0.html]
[demo.posthemes.com/pos_ecolife/layout2/en/login30b3.html]
[demo.posthemes.com/pos_ecolife/layout2/en/104-fresh-food6edc.html]
[demo.posthemes.com/pos_ecolife/layout2/en/104-fresh-foode3c8.html]
[demo.posthemes.com/pos_ecolife/layout2/en/104-fresh-foodec94.html]
[demo.posthemes.com/pos_ecolife/layout2/en/104-fresh-foodcc63.html]
[demo.posthemes.com/pos_ecolife/layout2/en/104-fresh-foodf161.html]
[demo.posthemes.com/pos_ecolife/layout2/en/104-fresh-food32a6.html]
[demo.posthemes.com/pos_ecolife/layout2/en/104-fresh-foodb9ad.html]
[demo.posthemes.com/pos_ecolife/layout2/en/104-fresh-food7b6e.html]
[demo.posthemes.com/pos_ecolife/layout2/en/104-fresh-food1bb9.html]
[demo.posthemes.com/pos_ecolife/layout2/en/104-fresh-food828e.html]
[demo.posthemes.com/pos_ecolife/layout2/en/104-fresh-food4434.html]
[demo.posthemes.com/pos_ecolife/layout2/en/104-fresh-food2a6d.html]
[demo.posthemes.com/pos_ecolife/layout2/en/104-fresh-food057e.html]
[demo.posthemes.com/pos_ecolife/layout2/en/104-fresh-food16fb.html]
[demo.posthemes.com/pos_ecolife/layout2/en/104-fresh-food4316.html]
[demo.posthemes.com/pos_ecolife/layout2/en/104-fresh-food85e5.html]
[demo.posthemes.com/pos_ecolife/layout2/en/104-fresh-food48c1.html]
[demo.posthemes.com/pos_ecolife/layout2/en/104-fresh-food701b.html]
[demo.posthemes.com/pos_ecolife/layout2/en/104-fresh-foodd3b7.html]
[demo.posthemes.com/pos_ecolife/layout2/en/search0ae0.html]
[demo.posthemes.com/pos_ecolife/layout2/en/searchc9de.html]
[demo.posthemes.com/pos_ecolife/layout2/en/search83c1.html]
[demo.posthemes.com/pos_ecolife/layout2/en/searchf518.html]
[demo.posthemes.com/pos_ecolife/layout2/modules/ps_advertising/img/advertising-s2.jpg]
[demo.posthemes.com/pos_ecolife/layout2/en/104-fresh-foodf917.html]
[demo.posthemes.com/pos_ecolife/layout2/en/104-fresh-foodfe2d.html]
[demo.posthemes.com/pos_ecolife/layout2/en/104-fresh-food0279.html]
[demo.posthemes.com/pos_ecolife/layout2/en/104-fresh-food8eb3.html]
[demo.posthemes.com/pos_ecolife/layout2/en/104-fresh-food04e6.html]
[demo.posthemes.com/pos_ecolife/layout2/24-large_default/brown-bear-vector-graphics.jpg]
[demo.posthemes.com/pos_ecolife/layout2/28-large_default/juicy-couture-tricot-logo-stripe-jacket.jpg]
[demo.posthemes.com/pos_ecolife/layout2/56-large_default/calvin-klein-jeans-reflective-logo-full-zip.jpg]
[demo.posthemes.com/pos_ecolife/layout2/60-large_default/the-adventure-begins-framed-poster.jpg]
[demo.posthemes.com/pos_ecolife/layout2/64-large_default/brixton-patrol-all-terrain-anorak-jacket.jpg]
[demo.posthemes.com/pos_ecolife/layout2/en/104-fresh-food4658.html]
[demo.posthemes.com/pos_ecolife/layout2/themes/theme_ecolife2/assets/cache/bottom-19b87314.js]
[demo.posthemes.com/pos_ecolife/layout2/en/104-fresh-food.html]
[demo.posthemes.com/pos_ecolife/layout2/en/183-fresh-fruit6edc.html]
[demo.posthemes.com/pos_ecolife/layout2/en/183-fresh-fruite3c8.html]
[demo.posthemes.com/pos_ecolife/layout2/en/183-fresh-fruit2df7.html]
[demo.posthemes.com/pos_ecolife/layout2/en/183-fresh-fruit7569.html]
[demo.posthemes.com/pos_ecolife/layout2/en/183-fresh-fruit2069.html]
[demo.posthemes.com/pos_ecolife/layout2/en/183-fresh-fruit9a2a.html]
[demo.posthemes.com/pos_ecolife/layout2/en/183-fresh-fruit5b4f.html]
[demo.posthemes.com/pos_ecolife/layout2/en/183-fresh-fruitb9ad.html]
[demo.posthemes.com/pos_ecolife/layout2/en/183-fresh-fruit7b6e.html]
[demo.posthemes.com/pos_ecolife/layout2/en/183-fresh-fruit1bb9.html]
[demo.posthemes.com/pos_ecolife/layout2/en/183-fresh-fruit828e.html]
[demo.posthemes.com/pos_ecolife/layout2/en/183-fresh-fruit4434.html]
[demo.posthemes.com/pos_ecolife/layout2/en/183-fresh-fruit2a6d.html]
[demo.posthemes.com/pos_ecolife/layout2/en/183-fresh-fruit057e.html]
[demo.posthemes.com/pos_ecolife/layout2/en/183-fresh-fruit16fb.html]
[demo.posthemes.com/pos_ecolife/layout2/en/183-fresh-fruit4316.html]
[demo.posthemes.com/pos_ecolife/layout2/en/183-fresh-fruit85e5.html]
[demo.posthemes.com/pos_ecolife/layout2/en/183-fresh-fruit48c1.html]
[demo.posthemes.com/pos_ecolife/layout2/en/183-fresh-fruit701b.html]
[demo.posthemes.com/pos_ecolife/layout2/en/183-fresh-fruitd3b7.html]
[demo.posthemes.com/pos_ecolife/layout2/en/183-fresh-fruitf917.html]
[demo.posthemes.com/pos_ecolife/layout2/en/183-fresh-fruitfe2d.html]
[demo.posthemes.com/pos_ecolife/layout2/en/183-fresh-fruit0279.html]
[demo.posthemes.com/pos_ecolife/layout2/en/183-fresh-fruit8eb3.html]
[demo.posthemes.com/pos_ecolife/layout2/en/183-fresh-fruit04e6.html]
[demo.posthemes.com/pos_ecolife/layout2/en/183-fresh-fruit.html]
[demo.posthemes.com/pos_ecolife/layout2/en/183-fresh-fruit4658.html]
[demo.posthemes.com/pos_ecolife/layout2/en/187-bananas6edc.html]
[demo.posthemes.com/pos_ecolife/layout2/en/187-bananase3c8.html]
[demo.posthemes.com/pos_ecolife/layout2/en/187-bananasb9ad.html]
[demo.posthemes.com/pos_ecolife/layout2/en/187-bananas7b6e.html]
[demo.posthemes.com/pos_ecolife/layout2/en/187-bananas1bb9.html]
[demo.posthemes.com/pos_ecolife/layout2/en/187-bananas828e.html]
[demo.posthemes.com/pos_ecolife/layout2/en/187-bananas4434.html]
[demo.posthemes.com/pos_ecolife/layout2/en/187-bananas2a6d.html]
[demo.posthemes.com/pos_ecolife/layout2/en/187-bananas057e.html]
[demo.posthemes.com/pos_ecolife/layout2/en/187-bananas16fb.html]
[demo.posthemes.com/pos_ecolife/layout2/en/187-bananas4316.html]
[demo.posthemes.com/pos_ecolife/layout2/en/187-bananas85e5.html]
[demo.posthemes.com/pos_ecolife/layout2/en/187-bananas48c1.html]
[demo.posthemes.com/pos_ecolife/layout2/en/187-bananas701b.html]
[demo.posthemes.com/pos_ecolife/layout2/en/187-bananasd3b7.html]
[demo.posthemes.com/pos_ecolife/layout2/en/187-bananasf917.html]
[demo.posthemes.com/pos_ecolife/layout2/en/187-bananasfe2d.html]
[demo.posthemes.com/pos_ecolife/layout2/en/187-bananas0279.html]
[demo.posthemes.com/pos_ecolife/layout2/en/187-bananas8eb3.html]
[demo.posthemes.com/pos_ecolife/layout2/en/187-bananas04e6.html]
[demo.posthemes.com/pos_ecolife/layout2/en/187-bananas4658.html]
[demo.posthemes.com/pos_ecolife/layout2/en/187-bananas.html]
[demo.posthemes.com/pos_ecolife/layout2/en/188-apples-pears6edc.html]
[demo.posthemes.com/pos_ecolife/layout2/en/188-apples-pearse3c8.html]
[demo.posthemes.com/pos_ecolife/layout2/en/188-apples-pearsb9ad.html]
[demo.posthemes.com/pos_ecolife/layout2/en/188-apples-pears7b6e.html]
[demo.posthemes.com/pos_ecolife/layout2/en/188-apples-pears1bb9.html]
[demo.posthemes.com/pos_ecolife/layout2/en/188-apples-pears828e.html]
[demo.posthemes.com/pos_ecolife/layout2/en/188-apples-pears4434.html]
[demo.posthemes.com/pos_ecolife/layout2/en/188-apples-pears2a6d.html]
[demo.posthemes.com/pos_ecolife/layout2/en/188-apples-pears057e.html]
[demo.posthemes.com/pos_ecolife/layout2/en/188-apples-pears16fb.html]
[demo.posthemes.com/pos_ecolife/layout2/en/188-apples-pears4316.html]
[demo.posthemes.com/pos_ecolife/layout2/en/188-apples-pears85e5.html]
[demo.posthemes.com/pos_ecolife/layout2/en/188-apples-pears48c1.html]
[demo.posthemes.com/pos_ecolife/layout2/en/188-apples-pears701b.html]
[demo.posthemes.com/pos_ecolife/layout2/en/188-apples-pearsd3b7.html]
[demo.posthemes.com/pos_ecolife/layout2/en/188-apples-pearsf917.html]
[demo.posthemes.com/pos_ecolife/layout2/en/188-apples-pearsfe2d.html]
[demo.posthemes.com/pos_ecolife/layout2/en/188-apples-pears0279.html]
[demo.posthemes.com/pos_ecolife/layout2/en/188-apples-pears8eb3.html]
[demo.posthemes.com/pos_ecolife/layout2/en/188-apples-pears04e6.html]
[demo.posthemes.com/pos_ecolife/layout2/en/188-apples-pears.html]
[demo.posthemes.com/pos_ecolife/layout2/en/188-apples-pears4658.html]
[demo.posthemes.com/pos_ecolife/layout2/en/189-berries-cherries6edc.html]
[demo.posthemes.com/pos_ecolife/layout2/en/189-berries-cherriese3c8.html]
[demo.posthemes.com/pos_ecolife/layout2/en/189-berries-cherriesb9ad.html]
[demo.posthemes.com/pos_ecolife/layout2/en/189-berries-cherries7b6e.html]
[demo.posthemes.com/pos_ecolife/layout2/en/189-berries-cherries1bb9.html]
[demo.posthemes.com/pos_ecolife/layout2/en/189-berries-cherries828e.html]
[demo.posthemes.com/pos_ecolife/layout2/en/189-berries-cherries4434.html]
[demo.posthemes.com/pos_ecolife/layout2/en/189-berries-cherries2a6d.html]
[demo.posthemes.com/pos_ecolife/layout2/en/189-berries-cherries057e.html]
[demo.posthemes.com/pos_ecolife/layout2/en/189-berries-cherries16fb.html]
[demo.posthemes.com/pos_ecolife/layout2/en/189-berries-cherries4316.html]
[demo.posthemes.com/pos_ecolife/layout2/en/189-berries-cherries85e5.html]
[demo.posthemes.com/pos_ecolife/layout2/en/189-berries-cherries48c1.html]
[demo.posthemes.com/pos_ecolife/layout2/en/189-berries-cherries701b.html]
[demo.posthemes.com/pos_ecolife/layout2/en/189-berries-cherriesd3b7.html]
[demo.posthemes.com/pos_ecolife/layout2/en/189-berries-cherriesf917.html]
[demo.posthemes.com/pos_ecolife/layout2/en/189-berries-cherriesfe2d.html]
[demo.posthemes.com/pos_ecolife/layout2/en/189-berries-cherries0279.html]
[demo.posthemes.com/pos_ecolife/layout2/en/189-berries-cherries8eb3.html]
[demo.posthemes.com/pos_ecolife/layout2/en/189-berries-cherries04e6.html]
[demo.posthemes.com/pos_ecolife/layout2/en/189-berries-cherries.html]
[demo.posthemes.com/pos_ecolife/layout2/en/189-berries-cherries4658.html]
[demo.posthemes.com/pos_ecolife/layout2/en/190-oranges-citrus-fruit6edc.html]
[demo.posthemes.com/pos_ecolife/layout2/en/190-oranges-citrus-fruite3c8.html]
[demo.posthemes.com/pos_ecolife/layout2/en/190-oranges-citrus-fruitb9ad.html]
[demo.posthemes.com/pos_ecolife/layout2/en/190-oranges-citrus-fruit7b6e.html]
[demo.posthemes.com/pos_ecolife/layout2/en/190-oranges-citrus-fruit1bb9.html]
[demo.posthemes.com/pos_ecolife/layout2/en/190-oranges-citrus-fruit828e.html]
[demo.posthemes.com/pos_ecolife/layout2/en/190-oranges-citrus-fruit4434.html]
[demo.posthemes.com/pos_ecolife/layout2/en/190-oranges-citrus-fruit2a6d.html]
[demo.posthemes.com/pos_ecolife/layout2/en/190-oranges-citrus-fruit057e.html]
[demo.posthemes.com/pos_ecolife/layout2/en/190-oranges-citrus-fruit16fb.html]
[demo.posthemes.com/pos_ecolife/layout2/en/190-oranges-citrus-fruit4316.html]
[demo.posthemes.com/pos_ecolife/layout2/en/190-oranges-citrus-fruit85e5.html]
[demo.posthemes.com/pos_ecolife/layout2/en/190-oranges-citrus-fruit48c1.html]
[demo.posthemes.com/pos_ecolife/layout2/en/190-oranges-citrus-fruit701b.html]
[demo.posthemes.com/pos_ecolife/layout2/en/190-oranges-citrus-fruitd3b7.html]
[demo.posthemes.com/pos_ecolife/layout2/en/190-oranges-citrus-fruitf917.html]
[demo.posthemes.com/pos_ecolife/layout2/en/190-oranges-citrus-fruitfe2d.html]
[demo.posthemes.com/pos_ecolife/layout2/en/190-oranges-citrus-fruit0279.html]
[demo.posthemes.com/pos_ecolife/layout2/en/190-oranges-citrus-fruit8eb3.html]
[demo.posthemes.com/pos_ecolife/layout2/en/190-oranges-citrus-fruit04e6.html]
[demo.posthemes.com/pos_ecolife/layout2/en/190-oranges-citrus-fruit.html]
[demo.posthemes.com/pos_ecolife/layout2/en/190-oranges-citrus-fruit4658.html]
[demo.posthemes.com/pos_ecolife/layout2/en/191-grapes6edc.html]
[demo.posthemes.com/pos_ecolife/layout2/en/191-grapese3c8.html]
[demo.posthemes.com/pos_ecolife/layout2/en/191-grapesb9ad.html]
[demo.posthemes.com/pos_ecolife/layout2/en/191-grapes7b6e.html]
[demo.posthemes.com/pos_ecolife/layout2/en/191-grapes1bb9.html]
[demo.posthemes.com/pos_ecolife/layout2/en/191-grapes828e.html]
[demo.posthemes.com/pos_ecolife/layout2/en/191-grapes4434.html]
[demo.posthemes.com/pos_ecolife/layout2/en/191-grapes2a6d.html]
[demo.posthemes.com/pos_ecolife/layout2/en/191-grapes057e.html]
[demo.posthemes.com/pos_ecolife/layout2/en/191-grapes16fb.html]
[demo.posthemes.com/pos_ecolife/layout2/en/191-grapes4316.html]
[demo.posthemes.com/pos_ecolife/layout2/en/191-grapes85e5.html]
[demo.posthemes.com/pos_ecolife/layout2/en/191-grapes48c1.html]
[demo.posthemes.com/pos_ecolife/layout2/en/191-grapes701b.html]
[demo.posthemes.com/pos_ecolife/layout2/en/191-grapesd3b7.html]
[demo.posthemes.com/pos_ecolife/layout2/en/191-grapesf917.html]
[demo.posthemes.com/pos_ecolife/layout2/en/191-grapesfe2d.html]
[demo.posthemes.com/pos_ecolife/layout2/en/191-grapes0279.html]
[demo.posthemes.com/pos_ecolife/layout2/en/191-grapes8eb3.html]
[demo.posthemes.com/pos_ecolife/layout2/en/191-grapes04e6.html]
[demo.posthemes.com/pos_ecolife/layout2/en/191-grapes.html]
[demo.posthemes.com/pos_ecolife/layout2/en/191-grapes4658.html]
[demo.posthemes.com/pos_ecolife/layout2/en/184-fresh-vegetables6edc.html]
[demo.posthemes.com/pos_ecolife/layout2/en/184-fresh-vegetablese3c8.html]
[demo.posthemes.com/pos_ecolife/layout2/en/184-fresh-vegetables3f8e.html]
[demo.posthemes.com/pos_ecolife/layout2/en/184-fresh-vegetablesf3ed.html]
[demo.posthemes.com/pos_ecolife/layout2/en/184-fresh-vegetablese7c8.html]
[demo.posthemes.com/pos_ecolife/layout2/en/184-fresh-vegetables26c5.html]
[demo.posthemes.com/pos_ecolife/layout2/en/184-fresh-vegetables8bda.html]
[demo.posthemes.com/pos_ecolife/layout2/en/184-fresh-vegetablesb9ad.html]
[demo.posthemes.com/pos_ecolife/layout2/en/184-fresh-vegetables7b6e.html]
[demo.posthemes.com/pos_ecolife/layout2/en/184-fresh-vegetables1bb9.html]
[demo.posthemes.com/pos_ecolife/layout2/en/184-fresh-vegetables828e.html]
[demo.posthemes.com/pos_ecolife/layout2/en/184-fresh-vegetables4434.html]
[demo.posthemes.com/pos_ecolife/layout2/en/184-fresh-vegetables2a6d.html]
[demo.posthemes.com/pos_ecolife/layout2/en/184-fresh-vegetables057e.html]
[demo.posthemes.com/pos_ecolife/layout2/en/184-fresh-vegetables16fb.html]
[demo.posthemes.com/pos_ecolife/layout2/en/184-fresh-vegetables4316.html]
[demo.posthemes.com/pos_ecolife/layout2/en/184-fresh-vegetables85e5.html]
[demo.posthemes.com/pos_ecolife/layout2/en/184-fresh-vegetables48c1.html]
[demo.posthemes.com/pos_ecolife/layout2/en/184-fresh-vegetables701b.html]
[demo.posthemes.com/pos_ecolife/layout2/en/184-fresh-vegetablesd3b7.html]
[demo.posthemes.com/pos_ecolife/layout2/en/184-fresh-vegetablesf917.html]
[demo.posthemes.com/pos_ecolife/layout2/en/184-fresh-vegetablesfe2d.html]
[demo.posthemes.com/pos_ecolife/layout2/en/184-fresh-vegetables0279.html]
[demo.posthemes.com/pos_ecolife/layout2/en/184-fresh-vegetables8eb3.html]
[demo.posthemes.com/pos_ecolife/layout2/en/184-fresh-vegetables04e6.html]
[demo.posthemes.com/pos_ecolife/layout2/en/184-fresh-vegetables4658.html]
[demo.posthemes.com/pos_ecolife/layout2/en/184-fresh-vegetables.html]
[demo.posthemes.com/pos_ecolife/layout2/en/192-potatoes-sweet-potatoes6edc.html]
[demo.posthemes.com/pos_ecolife/layout2/en/192-potatoes-sweet-potatoese3c8.html]
[demo.posthemes.com/pos_ecolife/layout2/en/192-potatoes-sweet-potatoesb9ad.html]
[demo.posthemes.com/pos_ecolife/layout2/en/192-potatoes-sweet-potatoes7b6e.html]
[demo.posthemes.com/pos_ecolife/layout2/en/192-potatoes-sweet-potatoes1bb9.html]
[demo.posthemes.com/pos_ecolife/layout2/en/192-potatoes-sweet-potatoes828e.html]
[demo.posthemes.com/pos_ecolife/layout2/en/192-potatoes-sweet-potatoes4434.html]
[demo.posthemes.com/pos_ecolife/layout2/en/192-potatoes-sweet-potatoes2a6d.html]
[demo.posthemes.com/pos_ecolife/layout2/en/192-potatoes-sweet-potatoes057e.html]
[demo.posthemes.com/pos_ecolife/layout2/en/192-potatoes-sweet-potatoes16fb.html]
[demo.posthemes.com/pos_ecolife/layout2/en/192-potatoes-sweet-potatoes4316.html]
[demo.posthemes.com/pos_ecolife/layout2/en/192-potatoes-sweet-potatoes85e5.html]
[demo.posthemes.com/pos_ecolife/layout2/en/192-potatoes-sweet-potatoes48c1.html]
[demo.posthemes.com/pos_ecolife/layout2/en/192-potatoes-sweet-potatoes701b.html]
[demo.posthemes.com/pos_ecolife/layout2/en/192-potatoes-sweet-potatoesd3b7.html]
[demo.posthemes.com/pos_ecolife/layout2/en/192-potatoes-sweet-potatoesf917.html]
[demo.posthemes.com/pos_ecolife/layout2/en/192-potatoes-sweet-potatoesfe2d.html]
[demo.posthemes.com/pos_ecolife/layout2/en/192-potatoes-sweet-potatoes0279.html]
[demo.posthemes.com/pos_ecolife/layout2/en/192-potatoes-sweet-potatoes8eb3.html]
[demo.posthemes.com/pos_ecolife/layout2/en/192-potatoes-sweet-potatoes04e6.html]
[demo.posthemes.com/pos_ecolife/layout2/en/192-potatoes-sweet-potatoes.html]
[demo.posthemes.com/pos_ecolife/layout2/en/192-potatoes-sweet-potatoes4658.html]
[demo.posthemes.com/pos_ecolife/layout2/en/193-onions-leeks6edc.html]
[demo.posthemes.com/pos_ecolife/layout2/en/193-onions-leekse3c8.html]
[demo.posthemes.com/pos_ecolife/layout2/en/193-onions-leeksb9ad.html]
[demo.posthemes.com/pos_ecolife/layout2/en/193-onions-leeks7b6e.html]
[demo.posthemes.com/pos_ecolife/layout2/en/193-onions-leeks1bb9.html]
[demo.posthemes.com/pos_ecolife/layout2/en/193-onions-leeks828e.html]
[demo.posthemes.com/pos_ecolife/layout2/en/193-onions-leeks4434.html]
[demo.posthemes.com/pos_ecolife/layout2/en/193-onions-leeks2a6d.html]
[demo.posthemes.com/pos_ecolife/layout2/en/193-onions-leeks057e.html]
[demo.posthemes.com/pos_ecolife/layout2/en/193-onions-leeks16fb.html]
[demo.posthemes.com/pos_ecolife/layout2/en/193-onions-leeks4316.html]
[demo.posthemes.com/pos_ecolife/layout2/en/193-onions-leeks48c1.html]
[demo.posthemes.com/pos_ecolife/layout2/en/193-onions-leeks701b.html]
[demo.posthemes.com/pos_ecolife/layout2/en/193-onions-leeksd3b7.html]
[demo.posthemes.com/pos_ecolife/layout2/en/193-onions-leeksf917.html]
[demo.posthemes.com/pos_ecolife/layout2/en/193-onions-leeksfe2d.html]
[demo.posthemes.com/pos_ecolife/layout2/en/193-onions-leeks0279.html]
[demo.posthemes.com/pos_ecolife/layout2/en/193-onions-leeks8eb3.html]
[demo.posthemes.com/pos_ecolife/layout2/en/193-onions-leeks04e6.html]
[demo.posthemes.com/pos_ecolife/layout2/en/193-onions-leeks4658.html]
[demo.posthemes.com/pos_ecolife/layout2/en/193-onions-leeks.html]
[demo.posthemes.com/pos_ecolife/layout2/en/194-carrots-root-vegetables6edc.html]
[demo.posthemes.com/pos_ecolife/layout2/en/194-carrots-root-vegetablese3c8.html]
[demo.posthemes.com/pos_ecolife/layout2/en/194-carrots-root-vegetablesb9ad.html]
[demo.posthemes.com/pos_ecolife/layout2/en/194-carrots-root-vegetables7b6e.html]
[demo.posthemes.com/pos_ecolife/layout2/en/194-carrots-root-vegetables1bb9.html]
[demo.posthemes.com/pos_ecolife/layout2/en/194-carrots-root-vegetables828e.html]
[demo.posthemes.com/pos_ecolife/layout2/en/194-carrots-root-vegetables4434.html]
[demo.posthemes.com/pos_ecolife/layout2/en/194-carrots-root-vegetables2a6d.html]
[demo.posthemes.com/pos_ecolife/layout2/en/194-carrots-root-vegetables057e.html]
[demo.posthemes.com/pos_ecolife/layout2/en/194-carrots-root-vegetables16fb.html]
[demo.posthemes.com/pos_ecolife/layout2/en/194-carrots-root-vegetables4316.html]
[demo.posthemes.com/pos_ecolife/layout2/en/194-carrots-root-vegetables85e5.html]
[demo.posthemes.com/pos_ecolife/layout2/en/194-carrots-root-vegetables48c1.html]
[demo.posthemes.com/pos_ecolife/layout2/en/194-carrots-root-vegetables701b.html]
[demo.posthemes.com/pos_ecolife/layout2/en/194-carrots-root-vegetablesd3b7.html]
[demo.posthemes.com/pos_ecolife/layout2/en/194-carrots-root-vegetablesf917.html]
[demo.posthemes.com/pos_ecolife/layout2/en/194-carrots-root-vegetablesfe2d.html]
[demo.posthemes.com/pos_ecolife/layout2/en/194-carrots-root-vegetables0279.html]
[demo.posthemes.com/pos_ecolife/layout2/en/194-carrots-root-vegetables8eb3.html]
[demo.posthemes.com/pos_ecolife/layout2/en/194-carrots-root-vegetables04e6.html]
[demo.posthemes.com/pos_ecolife/layout2/en/194-carrots-root-vegetables.html]
[demo.posthemes.com/pos_ecolife/layout2/en/194-carrots-root-vegetables4658.html]
[demo.posthemes.com/pos_ecolife/layout2/en/195-broccoli-cauliflower6edc.html]
[demo.posthemes.com/pos_ecolife/layout2/en/195-broccoli-cauliflowere3c8.html]
[demo.posthemes.com/pos_ecolife/layout2/en/195-broccoli-cauliflowerb9ad.html]
[demo.posthemes.com/pos_ecolife/layout2/en/195-broccoli-cauliflower7b6e.html]
[demo.posthemes.com/pos_ecolife/layout2/en/195-broccoli-cauliflower1bb9.html]
[demo.posthemes.com/pos_ecolife/layout2/en/195-broccoli-cauliflower828e.html]
[demo.posthemes.com/pos_ecolife/layout2/en/195-broccoli-cauliflower4434.html]
[demo.posthemes.com/pos_ecolife/layout2/en/195-broccoli-cauliflower2a6d.html]
[demo.posthemes.com/pos_ecolife/layout2/en/195-broccoli-cauliflower057e.html]
[demo.posthemes.com/pos_ecolife/layout2/en/195-broccoli-cauliflower16fb.html]
[demo.posthemes.com/pos_ecolife/layout2/en/195-broccoli-cauliflower4316.html]
[demo.posthemes.com/pos_ecolife/layout2/en/195-broccoli-cauliflower85e5.html]
[demo.posthemes.com/pos_ecolife/layout2/en/195-broccoli-cauliflower48c1.html]
[demo.posthemes.com/pos_ecolife/layout2/en/195-broccoli-cauliflower701b.html]
[demo.posthemes.com/pos_ecolife/layout2/en/195-broccoli-cauliflowerd3b7.html]
[demo.posthemes.com/pos_ecolife/layout2/en/195-broccoli-cauliflowerf917.html]
[demo.posthemes.com/pos_ecolife/layout2/en/195-broccoli-cauliflowerfe2d.html]
[demo.posthemes.com/pos_ecolife/layout2/en/195-broccoli-cauliflower0279.html]
[demo.posthemes.com/pos_ecolife/layout2/en/195-broccoli-cauliflower8eb3.html]
[demo.posthemes.com/pos_ecolife/layout2/en/195-broccoli-cauliflower04e6.html]
[demo.posthemes.com/pos_ecolife/layout2/en/195-broccoli-cauliflower.html]
[demo.posthemes.com/pos_ecolife/layout2/en/195-broccoli-cauliflower4658.html]
[demo.posthemes.com/pos_ecolife/layout2/en/196--cabbages-greens6edc.html]
[demo.posthemes.com/pos_ecolife/layout2/en/196--cabbages-greense3c8.html]
[demo.posthemes.com/pos_ecolife/layout2/en/196--cabbages-greensb9ad.html]
[demo.posthemes.com/pos_ecolife/layout2/en/196--cabbages-greens7b6e.html]
[demo.posthemes.com/pos_ecolife/layout2/en/196--cabbages-greens1bb9.html]
[demo.posthemes.com/pos_ecolife/layout2/en/196--cabbages-greens828e.html]
[demo.posthemes.com/pos_ecolife/layout2/en/196--cabbages-greens4434.html]
[demo.posthemes.com/pos_ecolife/layout2/en/196--cabbages-greens2a6d.html]
[demo.posthemes.com/pos_ecolife/layout2/en/196--cabbages-greens057e.html]
[demo.posthemes.com/pos_ecolife/layout2/en/196--cabbages-greens16fb.html]
[demo.posthemes.com/pos_ecolife/layout2/en/196--cabbages-greens4316.html]
[demo.posthemes.com/pos_ecolife/layout2/en/196--cabbages-greens85e5.html]
[demo.posthemes.com/pos_ecolife/layout2/en/196--cabbages-greens48c1.html]
[demo.posthemes.com/pos_ecolife/layout2/en/196--cabbages-greens701b.html]
[demo.posthemes.com/pos_ecolife/layout2/en/196--cabbages-greensd3b7.html]
[demo.posthemes.com/pos_ecolife/layout2/en/196--cabbages-greensf917.html]
[demo.posthemes.com/pos_ecolife/layout2/en/196--cabbages-greensfe2d.html]
[demo.posthemes.com/pos_ecolife/layout2/en/196--cabbages-greens0279.html]
[demo.posthemes.com/pos_ecolife/layout2/en/196--cabbages-greens8eb3.html]
[demo.posthemes.com/pos_ecolife/layout2/en/196--cabbages-greens04e6.html]
[demo.posthemes.com/pos_ecolife/layout2/en/196--cabbages-greens.html]
[demo.posthemes.com/pos_ecolife/layout2/en/196--cabbages-greens4658.html]
[demo.posthemes.com/pos_ecolife/layout2/en/185-fresh-salad-dips6edc.html]
[demo.posthemes.com/pos_ecolife/layout2/en/185-fresh-salad-dipse3c8.html]
[demo.posthemes.com/pos_ecolife/layout2/en/185-fresh-salad-dips038d.html]
[demo.posthemes.com/pos_ecolife/layout2/en/185-fresh-salad-dips3bc6.html]
[demo.posthemes.com/pos_ecolife/layout2/en/185-fresh-salad-dips45d2.html]
[demo.posthemes.com/pos_ecolife/layout2/en/185-fresh-salad-dips4907.html]
[demo.posthemes.com/pos_ecolife/layout2/en/185-fresh-salad-dips3223.html]
[demo.posthemes.com/pos_ecolife/layout2/en/185-fresh-salad-dipsb9ad.html]
[demo.posthemes.com/pos_ecolife/layout2/en/185-fresh-salad-dips7b6e.html]
[demo.posthemes.com/pos_ecolife/layout2/en/185-fresh-salad-dips1bb9.html]
[demo.posthemes.com/pos_ecolife/layout2/en/185-fresh-salad-dips828e.html]
[demo.posthemes.com/pos_ecolife/layout2/en/185-fresh-salad-dips4434.html]
[demo.posthemes.com/pos_ecolife/layout2/en/185-fresh-salad-dips2a6d.html]
[demo.posthemes.com/pos_ecolife/layout2/en/185-fresh-salad-dips057e.html]
[demo.posthemes.com/pos_ecolife/layout2/en/185-fresh-salad-dips16fb.html]
[demo.posthemes.com/pos_ecolife/layout2/en/185-fresh-salad-dips4316.html]
[demo.posthemes.com/pos_ecolife/layout2/en/185-fresh-salad-dips85e5.html]
[demo.posthemes.com/pos_ecolife/layout2/en/185-fresh-salad-dips48c1.html]
[demo.posthemes.com/pos_ecolife/layout2/en/185-fresh-salad-dips701b.html]
[demo.posthemes.com/pos_ecolife/layout2/en/185-fresh-salad-dipsd3b7.html]
[demo.posthemes.com/pos_ecolife/layout2/en/185-fresh-salad-dipsf917.html]
[demo.posthemes.com/pos_ecolife/layout2/en/185-fresh-salad-dipsfe2d.html]
[demo.posthemes.com/pos_ecolife/layout2/en/185-fresh-salad-dips0279.html]
[demo.posthemes.com/pos_ecolife/layout2/en/185-fresh-salad-dips8eb3.html]
[demo.posthemes.com/pos_ecolife/layout2/en/185-fresh-salad-dips04e6.html]
[demo.posthemes.com/pos_ecolife/layout2/en/185-fresh-salad-dips.html]
[demo.posthemes.com/pos_ecolife/layout2/en/185-fresh-salad-dips4658.html]
[demo.posthemes.com/pos_ecolife/layout2/en/197-lettuce-salad-bags6edc.html]
[demo.posthemes.com/pos_ecolife/layout2/en/197-lettuce-salad-bagse3c8.html]
[demo.posthemes.com/pos_ecolife/layout2/en/197-lettuce-salad-bagsb9ad.html]
[demo.posthemes.com/pos_ecolife/layout2/en/197-lettuce-salad-bags7b6e.html]
[demo.posthemes.com/pos_ecolife/layout2/en/197-lettuce-salad-bags1bb9.html]
[demo.posthemes.com/pos_ecolife/layout2/en/197-lettuce-salad-bags828e.html]
[demo.posthemes.com/pos_ecolife/layout2/en/197-lettuce-salad-bags4434.html]
[demo.posthemes.com/pos_ecolife/layout2/en/197-lettuce-salad-bags2a6d.html]
[demo.posthemes.com/pos_ecolife/layout2/en/197-lettuce-salad-bags057e.html]
[demo.posthemes.com/pos_ecolife/layout2/en/197-lettuce-salad-bags16fb.html]
[demo.posthemes.com/pos_ecolife/layout2/en/197-lettuce-salad-bags4316.html]
[demo.posthemes.com/pos_ecolife/layout2/en/197-lettuce-salad-bags85e5.html]
[demo.posthemes.com/pos_ecolife/layout2/en/197-lettuce-salad-bags48c1.html]
[demo.posthemes.com/pos_ecolife/layout2/en/197-lettuce-salad-bags701b.html]
[demo.posthemes.com/pos_ecolife/layout2/en/197-lettuce-salad-bagsd3b7.html]
[demo.posthemes.com/pos_ecolife/layout2/en/197-lettuce-salad-bagsf917.html]
[demo.posthemes.com/pos_ecolife/layout2/en/197-lettuce-salad-bagsfe2d.html]
[demo.posthemes.com/pos_ecolife/layout2/en/197-lettuce-salad-bags0279.html]
[demo.posthemes.com/pos_ecolife/layout2/en/197-lettuce-salad-bags8eb3.html]
[demo.posthemes.com/pos_ecolife/layout2/en/197-lettuce-salad-bags04e6.html]
[demo.posthemes.com/pos_ecolife/layout2/en/197-lettuce-salad-bags.html]
[demo.posthemes.com/pos_ecolife/layout2/en/197-lettuce-salad-bags4658.html]
[demo.posthemes.com/pos_ecolife/layout2/en/198-tomatoes6edc.html]
[demo.posthemes.com/pos_ecolife/layout2/en/198-tomatoese3c8.html]
[demo.posthemes.com/pos_ecolife/layout2/en/198-tomatoesb9ad.html]
[demo.posthemes.com/pos_ecolife/layout2/en/198-tomatoes7b6e.html]
[demo.posthemes.com/pos_ecolife/layout2/en/198-tomatoes1bb9.html]
[demo.posthemes.com/pos_ecolife/layout2/en/198-tomatoes828e.html]
[demo.posthemes.com/pos_ecolife/layout2/en/198-tomatoes4434.html]
[demo.posthemes.com/pos_ecolife/layout2/en/198-tomatoes2a6d.html]
[demo.posthemes.com/pos_ecolife/layout2/en/198-tomatoes057e.html]
[demo.posthemes.com/pos_ecolife/layout2/en/198-tomatoes16fb.html]
[demo.posthemes.com/pos_ecolife/layout2/en/198-tomatoes4316.html]
[demo.posthemes.com/pos_ecolife/layout2/en/198-tomatoes85e5.html]
[demo.posthemes.com/pos_ecolife/layout2/en/198-tomatoes48c1.html]
[demo.posthemes.com/pos_ecolife/layout2/en/198-tomatoes701b.html]
[demo.posthemes.com/pos_ecolife/layout2/en/198-tomatoesd3b7.html]
[demo.posthemes.com/pos_ecolife/layout2/en/198-tomatoesf917.html]
[demo.posthemes.com/pos_ecolife/layout2/en/198-tomatoesfe2d.html]
[demo.posthemes.com/pos_ecolife/layout2/en/198-tomatoes0279.html]
[demo.posthemes.com/pos_ecolife/layout2/en/198-tomatoes8eb3.html]
[demo.posthemes.com/pos_ecolife/layout2/en/198-tomatoes04e6.html]
[demo.posthemes.com/pos_ecolife/layout2/en/198-tomatoes.html]
[demo.posthemes.com/pos_ecolife/layout2/en/198-tomatoes4658.html]
[demo.posthemes.com/pos_ecolife/layout2/en/199-cucumber6edc.html]
[demo.posthemes.com/pos_ecolife/layout2/en/199-cucumbere3c8.html]
[demo.posthemes.com/pos_ecolife/layout2/en/199-cucumberb9ad.html]
[demo.posthemes.com/pos_ecolife/layout2/en/199-cucumber7b6e.html]
[demo.posthemes.com/pos_ecolife/layout2/en/199-cucumber1bb9.html]
[demo.posthemes.com/pos_ecolife/layout2/en/199-cucumber828e.html]
[demo.posthemes.com/pos_ecolife/layout2/en/199-cucumber4434.html]
[demo.posthemes.com/pos_ecolife/layout2/en/199-cucumber2a6d.html]
[demo.posthemes.com/pos_ecolife/layout2/en/199-cucumber057e.html]
[demo.posthemes.com/pos_ecolife/layout2/en/199-cucumber16fb.html]
[demo.posthemes.com/pos_ecolife/layout2/en/199-cucumber4316.html]
[demo.posthemes.com/pos_ecolife/layout2/en/199-cucumber85e5.html]
[demo.posthemes.com/pos_ecolife/layout2/en/199-cucumber48c1.html]
[demo.posthemes.com/pos_ecolife/layout2/en/199-cucumber701b.html]
[demo.posthemes.com/pos_ecolife/layout2/en/199-cucumberd3b7.html]
[demo.posthemes.com/pos_ecolife/layout2/en/199-cucumberf917.html]
[demo.posthemes.com/pos_ecolife/layout2/en/199-cucumberfe2d.html]
[demo.posthemes.com/pos_ecolife/layout2/en/199-cucumber0279.html]
[demo.posthemes.com/pos_ecolife/layout2/en/199-cucumber8eb3.html]
[demo.posthemes.com/pos_ecolife/layout2/en/199-cucumber04e6.html]
[demo.posthemes.com/pos_ecolife/layout2/en/199-cucumber.html]
[demo.posthemes.com/pos_ecolife/layout2/en/199-cucumber4658.html]
[demo.posthemes.com/pos_ecolife/layout2/en/200-celery6edc.html]
[demo.posthemes.com/pos_ecolife/layout2/en/200-celerye3c8.html]
[demo.posthemes.com/pos_ecolife/layout2/en/200-celeryb9ad.html]
[demo.posthemes.com/pos_ecolife/layout2/en/200-celery7b6e.html]
[demo.posthemes.com/pos_ecolife/layout2/en/200-celery1bb9.html]
[demo.posthemes.com/pos_ecolife/layout2/en/200-celery828e.html]
[demo.posthemes.com/pos_ecolife/layout2/en/200-celery4434.html]
[demo.posthemes.com/pos_ecolife/layout2/en/200-celery2a6d.html]
[demo.posthemes.com/pos_ecolife/layout2/en/200-celery057e.html]
[demo.posthemes.com/pos_ecolife/layout2/en/200-celery16fb.html]
[demo.posthemes.com/pos_ecolife/layout2/en/200-celery4316.html]
[demo.posthemes.com/pos_ecolife/layout2/en/200-celery85e5.html]
[demo.posthemes.com/pos_ecolife/layout2/en/200-celery48c1.html]
[demo.posthemes.com/pos_ecolife/layout2/en/200-celery701b.html]
[demo.posthemes.com/pos_ecolife/layout2/en/200-celeryd3b7.html]
[demo.posthemes.com/pos_ecolife/layout2/en/200-celeryfe2d.html]
[demo.posthemes.com/pos_ecolife/layout2/en/200-celery0279.html]
[demo.posthemes.com/pos_ecolife/layout2/en/200-celery8eb3.html]
[demo.posthemes.com/pos_ecolife/layout2/en/200-celery04e6.html]
[demo.posthemes.com/pos_ecolife/layout2/en/200-celery4658.html]
[demo.posthemes.com/pos_ecolife/layout2/en/200-celery.html]
[demo.posthemes.com/pos_ecolife/layout2/en/201-peppers6edc.html]
[demo.posthemes.com/pos_ecolife/layout2/en/201-pepperse3c8.html]
[demo.posthemes.com/pos_ecolife/layout2/en/201-peppersb9ad.html]
[demo.posthemes.com/pos_ecolife/layout2/en/201-peppers7b6e.html]
[demo.posthemes.com/pos_ecolife/layout2/en/201-peppers1bb9.html]
[demo.posthemes.com/pos_ecolife/layout2/en/201-peppers828e.html]
[demo.posthemes.com/pos_ecolife/layout2/en/201-peppers4434.html]
[demo.posthemes.com/pos_ecolife/layout2/en/201-peppers2a6d.html]
[demo.posthemes.com/pos_ecolife/layout2/en/201-peppers057e.html]
[demo.posthemes.com/pos_ecolife/layout2/en/201-peppers16fb.html]
[demo.posthemes.com/pos_ecolife/layout2/en/201-peppers4316.html]
[demo.posthemes.com/pos_ecolife/layout2/en/201-peppers85e5.html]
[demo.posthemes.com/pos_ecolife/layout2/en/201-peppers48c1.html]
[demo.posthemes.com/pos_ecolife/layout2/en/201-peppers701b.html]
[demo.posthemes.com/pos_ecolife/layout2/en/201-peppersd3b7.html]
[demo.posthemes.com/pos_ecolife/layout2/en/201-peppersf917.html]
[demo.posthemes.com/pos_ecolife/layout2/en/201-peppersfe2d.html]
[demo.posthemes.com/pos_ecolife/layout2/en/201-peppers0279.html]
[demo.posthemes.com/pos_ecolife/layout2/en/201-peppers8eb3.html]
[demo.posthemes.com/pos_ecolife/layout2/en/201-peppers04e6.html]
[demo.posthemes.com/pos_ecolife/layout2/en/201-peppers4658.html]
[demo.posthemes.com/pos_ecolife/layout2/en/201-peppers.html]
[demo.posthemes.com/pos_ecolife/layout2/en/186-milk-butter-eggs6edc.html]
[demo.posthemes.com/pos_ecolife/layout2/en/186-milk-butter-eggse3c8.html]
[demo.posthemes.com/pos_ecolife/layout2/en/186-milk-butter-eggs533d.html]
[demo.posthemes.com/pos_ecolife/layout2/en/186-milk-butter-eggs4021.html]
[demo.posthemes.com/pos_ecolife/layout2/en/186-milk-butter-eggs0d2a.html]
[demo.posthemes.com/pos_ecolife/layout2/en/186-milk-butter-eggs8e10.html]
[demo.posthemes.com/pos_ecolife/layout2/en/186-milk-butter-eggs5829.html]
[demo.posthemes.com/pos_ecolife/layout2/en/186-milk-butter-eggsb9ad.html]
[demo.posthemes.com/pos_ecolife/layout2/en/186-milk-butter-eggs7b6e.html]
[demo.posthemes.com/pos_ecolife/layout2/en/186-milk-butter-eggs1bb9.html]
[demo.posthemes.com/pos_ecolife/layout2/en/186-milk-butter-eggs828e.html]
[demo.posthemes.com/pos_ecolife/layout2/en/186-milk-butter-eggs4434.html]
[demo.posthemes.com/pos_ecolife/layout2/en/186-milk-butter-eggs2a6d.html]
[demo.posthemes.com/pos_ecolife/layout2/en/186-milk-butter-eggs057e.html]
[demo.posthemes.com/pos_ecolife/layout2/en/186-milk-butter-eggs16fb.html]
[demo.posthemes.com/pos_ecolife/layout2/en/186-milk-butter-eggs4316.html]
[demo.posthemes.com/pos_ecolife/layout2/en/186-milk-butter-eggs85e5.html]
[demo.posthemes.com/pos_ecolife/layout2/en/186-milk-butter-eggs48c1.html]
[demo.posthemes.com/pos_ecolife/layout2/en/186-milk-butter-eggs701b.html]
[demo.posthemes.com/pos_ecolife/layout2/en/186-milk-butter-eggsd3b7.html]
[demo.posthemes.com/pos_ecolife/layout2/en/186-milk-butter-eggsf917.html]
[demo.posthemes.com/pos_ecolife/layout2/en/186-milk-butter-eggsfe2d.html]
[demo.posthemes.com/pos_ecolife/layout2/en/186-milk-butter-eggs0279.html]
[demo.posthemes.com/pos_ecolife/layout2/en/186-milk-butter-eggs8eb3.html]
[demo.posthemes.com/pos_ecolife/layout2/en/186-milk-butter-eggs04e6.html]
[demo.posthemes.com/pos_ecolife/layout2/en/186-milk-butter-eggs.html]
[demo.posthemes.com/pos_ecolife/layout2/en/186-milk-butter-eggs4658.html]
[demo.posthemes.com/pos_ecolife/layout2/en/202-milk6edc.html]
[demo.posthemes.com/pos_ecolife/layout2/en/202-milke3c8.html]
[demo.posthemes.com/pos_ecolife/layout2/en/202-milkb9ad.html]
[demo.posthemes.com/pos_ecolife/layout2/en/202-milk7b6e.html]
[demo.posthemes.com/pos_ecolife/layout2/en/202-milk1bb9.html]
[demo.posthemes.com/pos_ecolife/layout2/en/202-milk828e.html]
[demo.posthemes.com/pos_ecolife/layout2/en/202-milk4434.html]
[demo.posthemes.com/pos_ecolife/layout2/en/202-milk2a6d.html]
[demo.posthemes.com/pos_ecolife/layout2/en/202-milk057e.html]
[demo.posthemes.com/pos_ecolife/layout2/en/202-milk16fb.html]
[demo.posthemes.com/pos_ecolife/layout2/en/202-milk4316.html]
[demo.posthemes.com/pos_ecolife/layout2/en/202-milk85e5.html]
[demo.posthemes.com/pos_ecolife/layout2/en/202-milk48c1.html]
[demo.posthemes.com/pos_ecolife/layout2/en/202-milk701b.html]
[demo.posthemes.com/pos_ecolife/layout2/en/202-milkd3b7.html]
[demo.posthemes.com/pos_ecolife/layout2/en/202-milkf917.html]
[demo.posthemes.com/pos_ecolife/layout2/en/202-milkfe2d.html]
[demo.posthemes.com/pos_ecolife/layout2/en/202-milk0279.html]
[demo.posthemes.com/pos_ecolife/layout2/en/202-milk8eb3.html]
[demo.posthemes.com/pos_ecolife/layout2/en/202-milk.html]
[demo.posthemes.com/pos_ecolife/layout2/en/202-milk04e6.html]
[demo.posthemes.com/pos_ecolife/layout2/en/203--spreads-margarine6edc.html]
[demo.posthemes.com/pos_ecolife/layout2/en/203--spreads-margarinee3c8.html]
[demo.posthemes.com/pos_ecolife/layout2/en/203--spreads-margarineb9ad.html]
[demo.posthemes.com/pos_ecolife/layout2/en/203--spreads-margarine7b6e.html]
[demo.posthemes.com/pos_ecolife/layout2/en/203--spreads-margarine1bb9.html]
[demo.posthemes.com/pos_ecolife/layout2/en/203--spreads-margarine828e.html]
[demo.posthemes.com/pos_ecolife/layout2/en/203--spreads-margarine4434.html]
[demo.posthemes.com/pos_ecolife/layout2/en/203--spreads-margarine2a6d.html]
[demo.posthemes.com/pos_ecolife/layout2/en/203--spreads-margarine057e.html]
[demo.posthemes.com/pos_ecolife/layout2/en/203--spreads-margarine16fb.html]
[demo.posthemes.com/pos_ecolife/layout2/en/203--spreads-margarine4316.html]
[demo.posthemes.com/pos_ecolife/layout2/en/203--spreads-margarine85e5.html]
[demo.posthemes.com/pos_ecolife/layout2/en/203--spreads-margarine48c1.html]
[demo.posthemes.com/pos_ecolife/layout2/en/203--spreads-margarine701b.html]
[demo.posthemes.com/pos_ecolife/layout2/en/203--spreads-margarined3b7.html]
[demo.posthemes.com/pos_ecolife/layout2/en/203--spreads-margarinef917.html]
[demo.posthemes.com/pos_ecolife/layout2/en/203--spreads-margarinefe2d.html]
[demo.posthemes.com/pos_ecolife/layout2/en/203--spreads-margarine0279.html]
[demo.posthemes.com/pos_ecolife/layout2/en/203--spreads-margarine8eb3.html]
[demo.posthemes.com/pos_ecolife/layout2/en/203--spreads-margarine04e6.html]
[demo.posthemes.com/pos_ecolife/layout2/en/203--spreads-margarine4658.html]
[demo.posthemes.com/pos_ecolife/layout2/en/203--spreads-margarine.html]
[demo.posthemes.com/pos_ecolife/layout2/en/204-fresh-cream-custard6edc.html]
[demo.posthemes.com/pos_ecolife/layout2/en/204-fresh-cream-custarde3c8.html]
[demo.posthemes.com/pos_ecolife/layout2/en/204-fresh-cream-custardb9ad.html]
[demo.posthemes.com/pos_ecolife/layout2/en/204-fresh-cream-custard7b6e.html]
[demo.posthemes.com/pos_ecolife/layout2/en/204-fresh-cream-custard1bb9.html]
[demo.posthemes.com/pos_ecolife/layout2/en/204-fresh-cream-custard828e.html]
[demo.posthemes.com/pos_ecolife/layout2/en/204-fresh-cream-custard4434.html]
[demo.posthemes.com/pos_ecolife/layout2/en/204-fresh-cream-custard2a6d.html]
[demo.posthemes.com/pos_ecolife/layout2/en/204-fresh-cream-custard057e.html]
[demo.posthemes.com/pos_ecolife/layout2/en/204-fresh-cream-custard16fb.html]
[demo.posthemes.com/pos_ecolife/layout2/en/204-fresh-cream-custard4316.html]
[demo.posthemes.com/pos_ecolife/layout2/en/204-fresh-cream-custard85e5.html]
[demo.posthemes.com/pos_ecolife/layout2/en/204-fresh-cream-custard48c1.html]
[demo.posthemes.com/pos_ecolife/layout2/en/204-fresh-cream-custard701b.html]
[demo.posthemes.com/pos_ecolife/layout2/en/204-fresh-cream-custardd3b7.html]
[demo.posthemes.com/pos_ecolife/layout2/en/204-fresh-cream-custardf917.html]
[demo.posthemes.com/pos_ecolife/layout2/en/204-fresh-cream-custardfe2d.html]
[demo.posthemes.com/pos_ecolife/layout2/en/204-fresh-cream-custard0279.html]
[demo.posthemes.com/pos_ecolife/layout2/en/204-fresh-cream-custard8eb3.html]
[demo.posthemes.com/pos_ecolife/layout2/en/204-fresh-cream-custard04e6.html]
[demo.posthemes.com/pos_ecolife/layout2/en/204-fresh-cream-custard.html]
[demo.posthemes.com/pos_ecolife/layout2/en/204-fresh-cream-custard4658.html]
[demo.posthemes.com/pos_ecolife/layout2/en/205-eggs6edc.html]
[demo.posthemes.com/pos_ecolife/layout2/en/205-eggse3c8.html]
[demo.posthemes.com/pos_ecolife/layout2/en/205-eggsb9ad.html]
[demo.posthemes.com/pos_ecolife/layout2/en/205-eggs7b6e.html]
[demo.posthemes.com/pos_ecolife/layout2/en/205-eggs1bb9.html]
[demo.posthemes.com/pos_ecolife/layout2/en/205-eggs828e.html]
[demo.posthemes.com/pos_ecolife/layout2/en/205-eggs4434.html]
[demo.posthemes.com/pos_ecolife/layout2/en/205-eggs2a6d.html]
[demo.posthemes.com/pos_ecolife/layout2/en/205-eggs057e.html]
[demo.posthemes.com/pos_ecolife/layout2/en/205-eggs16fb.html]
[demo.posthemes.com/pos_ecolife/layout2/en/205-eggs4316.html]
[demo.posthemes.com/pos_ecolife/layout2/en/205-eggs85e5.html]
[demo.posthemes.com/pos_ecolife/layout2/en/205-eggs48c1.html]
[demo.posthemes.com/pos_ecolife/layout2/en/205-eggs701b.html]
[demo.posthemes.com/pos_ecolife/layout2/en/205-eggsd3b7.html]
[demo.posthemes.com/pos_ecolife/layout2/en/205-eggsf917.html]
[demo.posthemes.com/pos_ecolife/layout2/en/205-eggsfe2d.html]
[demo.posthemes.com/pos_ecolife/layout2/en/205-eggs0279.html]
[demo.posthemes.com/pos_ecolife/layout2/en/205-eggs8eb3.html]
[demo.posthemes.com/pos_ecolife/layout2/en/205-eggs04e6.html]
[demo.posthemes.com/pos_ecolife/layout2/en/205-eggs4658.html]
[demo.posthemes.com/pos_ecolife/layout2/en/205-eggs.html]
[demo.posthemes.com/pos_ecolife/layout2/en/206-baking-cooking6edc.html]
[demo.posthemes.com/pos_ecolife/layout2/en/206-baking-cookinge3c8.html]
[demo.posthemes.com/pos_ecolife/layout2/en/206-baking-cookingb9ad.html]
[demo.posthemes.com/pos_ecolife/layout2/en/206-baking-cooking7b6e.html]
[demo.posthemes.com/pos_ecolife/layout2/en/206-baking-cooking1bb9.html]
[demo.posthemes.com/pos_ecolife/layout2/en/206-baking-cooking828e.html]
[demo.posthemes.com/pos_ecolife/layout2/en/206-baking-cooking4434.html]
[demo.posthemes.com/pos_ecolife/layout2/en/206-baking-cooking2a6d.html]
[demo.posthemes.com/pos_ecolife/layout2/en/206-baking-cooking057e.html]
[demo.posthemes.com/pos_ecolife/layout2/en/206-baking-cooking16fb.html]
[demo.posthemes.com/pos_ecolife/layout2/en/206-baking-cooking4316.html]
[demo.posthemes.com/pos_ecolife/layout2/en/206-baking-cooking85e5.html]
[demo.posthemes.com/pos_ecolife/layout2/en/206-baking-cooking48c1.html]
[demo.posthemes.com/pos_ecolife/layout2/en/206-baking-cooking701b.html]
[demo.posthemes.com/pos_ecolife/layout2/en/206-baking-cookingd3b7.html]
[demo.posthemes.com/pos_ecolife/layout2/en/206-baking-cookingf917.html]
[demo.posthemes.com/pos_ecolife/layout2/en/206-baking-cookingfe2d.html]
[demo.posthemes.com/pos_ecolife/layout2/en/206-baking-cooking0279.html]
[demo.posthemes.com/pos_ecolife/layout2/en/206-baking-cooking8eb3.html]
[demo.posthemes.com/pos_ecolife/layout2/en/206-baking-cooking04e6.html]
[demo.posthemes.com/pos_ecolife/layout2/en/206-baking-cooking.html]
[demo.posthemes.com/pos_ecolife/layout2/en/206-baking-cooking4658.html]
[demo.posthemes.com/pos_ecolife/layout2/en/prices-drop6edc.html]
[demo.posthemes.com/pos_ecolife/layout2/en/prices-drope3c8.html]
[demo.posthemes.com/pos_ecolife/layout2/en/2-home.html]
[demo.posthemes.com/pos_ecolife/layout2/en/prices-dropfe2d.html]
[demo.posthemes.com/pos_ecolife/layout2/en/prices-drop0279.html]
[demo.posthemes.com/pos_ecolife/layout2/en/prices-drop8eb3.html]
[demo.posthemes.com/pos_ecolife/layout2/en/prices-drop04e6.html]
[demo.posthemes.com/pos_ecolife/layout2/en/prices-drop.html]
[demo.posthemes.com/pos_ecolife/layout2/en/contact-us6edc.html]
[demo.posthemes.com/pos_ecolife/layout2/en/contact-use3c8.html]
[demo.posthemes.com/pos_ecolife/layout2/en/contact-us.html]
[demo.posthemes.com/pos_ecolife/layout2/en/fresh-food/17-originals-kaval-windbreaker-winter-jacket-2.html]
[demo.posthemes.com/pos_ecolife/layout2/en/fresh-food/17-originals-kaval-windbreaker-winter-jacket-26edc.html]
[demo.posthemes.com/pos_ecolife/layout2/en/fresh-food/17-originals-kaval-windbreaker-winter-jacket-2e3c8.html]
[demo.posthemes.com/pos_ecolife/layout2/93-large_default/originals-kaval-windbreaker-winter-jacket-2.jpg]
[demo.posthemes.com/pos_ecolife/layout2/94-large_default/originals-kaval-windbreaker-winter-jacket-2.jpg]
[demo.posthemes.com/pos_ecolife/layout2/95-large_default/originals-kaval-windbreaker-winter-jacket-2.jpg]
[demo.posthemes.com/pos_ecolife/layout2/93-home_default/originals-kaval-windbreaker-winter-jacket-2.jpg]
[demo.posthemes.com/pos_ecolife/layout2/94-home_default/originals-kaval-windbreaker-winter-jacket-2.jpg]
[demo.posthemes.com/pos_ecolife/layout2/95-home_default/originals-kaval-windbreaker-winter-jacket-2.jpg]
[demo.posthemes.com/pos_ecolife/layout2/img/m/1.jpg]
[demo.posthemes.com/pos_ecolife/layout2/92-medium_default/originals-kaval-windbreaker-winter-jacket-2.jpg]
[demo.posthemes.com/pos_ecolife/layout2/themes/theme_ecolife2/assets/cache/bottom-166ca214.js]
[demo.posthemes.com/pos_ecolife/layout2/en/fresh-food/17-109-originals-kaval-windbreaker-winter-jacket-2.html]
[demo.posthemes.com/pos_ecolife/layout2/en/brand/1-studio-design6edc.html]
[demo.posthemes.com/pos_ecolife/layout2/en/brand/1-studio-designe3c8.html]
[demo.posthemes.com/pos_ecolife/layout2/en/brands.html]
[demo.posthemes.com/pos_ecolife/layout2/en/brand/1-studio-design0dbf.html]
[demo.posthemes.com/pos_ecolife/layout2/en/brand/1-studio-designfe2d.html]
[demo.posthemes.com/pos_ecolife/layout2/en/brand/1-studio-design0279.html]
[demo.posthemes.com/pos_ecolife/layout2/en/brand/1-studio-design8eb3.html]
[demo.posthemes.com/pos_ecolife/layout2/en/brand/1-studio-design.html]
[demo.posthemes.com/pos_ecolife/layout2/en/fresh-food/17-103-originals-kaval-windbreaker-winter-jacket-2.html]
[demo.posthemes.com/pos_ecolife/layout2/en/fresh-food/17-102-originals-kaval-windbreaker-winter-jacket-2.html]
[demo.posthemes.com/pos_ecolife/layout2/en/brand/1-studio-design04e6.html]
[demo.posthemes.com/pos_ecolife/layout2/en/fresh-food/1-originals-kaval-windbreaker-winter-jacket.html]
[demo.posthemes.com/pos_ecolife/layout2/en/fresh-food/1-originals-kaval-windbreaker-winter-jacket6edc.html]
[demo.posthemes.com/pos_ecolife/layout2/en/fresh-food/1-originals-kaval-windbreaker-winter-jackete3c8.html]
[demo.posthemes.com/pos_ecolife/layout2/73-large_default/originals-kaval-windbreaker-winter-jacket.jpg]
[demo.posthemes.com/pos_ecolife/layout2/74-large_default/originals-kaval-windbreaker-winter-jacket.jpg]
[demo.posthemes.com/pos_ecolife/layout2/75-large_default/originals-kaval-windbreaker-winter-jacket.jpg]
[demo.posthemes.com/pos_ecolife/layout2/74-home_default/originals-kaval-windbreaker-winter-jacket.jpg]
[demo.posthemes.com/pos_ecolife/layout2/75-home_default/originals-kaval-windbreaker-winter-jacket.jpg]
[demo.posthemes.com/pos_ecolife/layout2/72-medium_default/originals-kaval-windbreaker-winter-jacket.jpg]
[demo.posthemes.com/pos_ecolife/layout2/en/fresh-food/1-1-originals-kaval-windbreaker-winter-jacket.html]
[demo.posthemes.com/pos_ecolife/layout2/en/fresh-food/1-2-originals-kaval-windbreaker-winter-jacket.html]
[demo.posthemes.com/pos_ecolife/layout2/en/fresh-food/9-new-balance-fresh-foam-kaymin.html]
[demo.posthemes.com/pos_ecolife/layout2/en/fresh-food/9-new-balance-fresh-foam-kaymin6edc.html]
[demo.posthemes.com/pos_ecolife/layout2/en/fresh-food/9-new-balance-fresh-foam-kaymine3c8.html]
[demo.posthemes.com/pos_ecolife/layout2/40-large_default/new-balance-fresh-foam-kaymin.jpg]
[demo.posthemes.com/pos_ecolife/layout2/42-large_default/new-balance-fresh-foam-kaymin.jpg]
[demo.posthemes.com/pos_ecolife/layout2/43-large_default/new-balance-fresh-foam-kaymin.jpg]
[demo.posthemes.com/pos_ecolife/layout2/42-home_default/new-balance-fresh-foam-kaymin.jpg]
[demo.posthemes.com/pos_ecolife/layout2/43-home_default/new-balance-fresh-foam-kaymin.jpg]
[demo.posthemes.com/pos_ecolife/layout2/41-medium_default/new-balance-fresh-foam-kaymin.jpg]
[demo.posthemes.com/pos_ecolife/layout2/en/fresh-food/9-22-new-balance-fresh-foam-kaymin.html]
[demo.posthemes.com/pos_ecolife/layout2/en/fresh-food/9-23-new-balance-fresh-foam-kaymin.html]
[demo.posthemes.com/pos_ecolife/layout2/en/fresh-food/6-madden-by-steve-madden-cale-66edc.html]
[demo.posthemes.com/pos_ecolife/layout2/53-large_default/madden-by-steve-madden-cale-6.jpg]
[demo.posthemes.com/pos_ecolife/layout2/en/fresh-food/6-madden-by-steve-madden-cale-6e3c8.html]
[demo.posthemes.com/pos_ecolife/layout2/54-large_default/madden-by-steve-madden-cale-6.jpg]
[demo.posthemes.com/pos_ecolife/layout2/55-large_default/madden-by-steve-madden-cale-6.jpg]
[demo.posthemes.com/pos_ecolife/layout2/53-home_default/madden-by-steve-madden-cale-6.jpg]
[demo.posthemes.com/pos_ecolife/layout2/54-home_default/madden-by-steve-madden-cale-6.jpg]
[demo.posthemes.com/pos_ecolife/layout2/55-home_default/madden-by-steve-madden-cale-6.jpg]
[demo.posthemes.com/pos_ecolife/layout2/52-medium_default/madden-by-steve-madden-cale-6.jpg]
[demo.posthemes.com/pos_ecolife/layout2/en/fresh-food/6-madden-by-steve-madden-cale-6.html]
[demo.posthemes.com/pos_ecolife/layout2/en/fresh-food/16-juicy-couture-juicy-quilted-terry-track-jacket.html]
[demo.posthemes.com/pos_ecolife/layout2/en/fresh-food/16-juicy-couture-juicy-quilted-terry-track-jacket6edc.html]
[demo.posthemes.com/pos_ecolife/layout2/en/fresh-food/16-juicy-couture-juicy-quilted-terry-track-jackete3c8.html]
[demo.posthemes.com/pos_ecolife/layout2/88-large_default/juicy-couture-juicy-quilted-terry-track-jacket.jpg]
[demo.posthemes.com/pos_ecolife/layout2/90-large_default/juicy-couture-juicy-quilted-terry-track-jacket.jpg]
[demo.posthemes.com/pos_ecolife/layout2/91-large_default/juicy-couture-juicy-quilted-terry-track-jacket.jpg]
[demo.posthemes.com/pos_ecolife/layout2/88-home_default/juicy-couture-juicy-quilted-terry-track-jacket.jpg]
[demo.posthemes.com/pos_ecolife/layout2/90-home_default/juicy-couture-juicy-quilted-terry-track-jacket.jpg]
[demo.posthemes.com/pos_ecolife/layout2/91-home_default/juicy-couture-juicy-quilted-terry-track-jacket.jpg]
[demo.posthemes.com/pos_ecolife/layout2/89-medium_default/juicy-couture-juicy-quilted-terry-track-jacket.jpg]
[demo.posthemes.com/pos_ecolife/layout2/en/fresh-food/16-101-juicy-couture-juicy-quilted-terry-track-jacket.html]
[demo.posthemes.com/pos_ecolife/layout2/en/fresh-food/16-99-juicy-couture-juicy-quilted-terry-track-jacket.html]
[demo.posthemes.com/pos_ecolife/layout2/en/fresh-food/16-100-juicy-couture-juicy-quilted-terry-track-jacket.html]
[demo.posthemes.com/pos_ecolife/layout2/en/fresh-food/2-juicy-couture-juicy-quilted-terry-track-jacket.html]
[demo.posthemes.com/pos_ecolife/layout2/en/fresh-food/2-juicy-couture-juicy-quilted-terry-track-jacket6edc.html]
[demo.posthemes.com/pos_ecolife/layout2/en/fresh-food/2-juicy-couture-juicy-quilted-terry-track-jackete3c8.html]
[demo.posthemes.com/pos_ecolife/layout2/69-large_default/juicy-couture-juicy-quilted-terry-track-jacket.jpg]
[demo.posthemes.com/pos_ecolife/layout2/70-large_default/juicy-couture-juicy-quilted-terry-track-jacket.jpg]
[demo.posthemes.com/pos_ecolife/layout2/71-large_default/juicy-couture-juicy-quilted-terry-track-jacket.jpg]
[demo.posthemes.com/pos_ecolife/layout2/69-home_default/juicy-couture-juicy-quilted-terry-track-jacket.jpg]
[demo.posthemes.com/pos_ecolife/layout2/70-home_default/juicy-couture-juicy-quilted-terry-track-jacket.jpg]
[demo.posthemes.com/pos_ecolife/layout2/71-home_default/juicy-couture-juicy-quilted-terry-track-jacket.jpg]
[demo.posthemes.com/pos_ecolife/layout2/68-medium_default/juicy-couture-juicy-quilted-terry-track-jacket.jpg]
[demo.posthemes.com/pos_ecolife/layout2/en/fresh-food/2-9-juicy-couture-juicy-quilted-terry-track-jacket.html]
[demo.posthemes.com/pos_ecolife/layout2/en/fresh-food/2-88-juicy-couture-juicy-quilted-terry-track-jacket.html]
[demo.posthemes.com/pos_ecolife/layout2/en/fresh-food/2-89-juicy-couture-juicy-quilted-terry-track-jacket.html]
[demo.posthemes.com/pos_ecolife/layout2/en/fresh-food/15-brixton-patrol-all-terrain-anorak-jacket.html]
[demo.posthemes.com/pos_ecolife/layout2/en/fresh-food/15-brixton-patrol-all-terrain-anorak-jacket6edc.html]
[demo.posthemes.com/pos_ecolife/layout2/84-large_default/brixton-patrol-all-terrain-anorak-jacket.jpg]
[demo.posthemes.com/pos_ecolife/layout2/en/fresh-food/15-brixton-patrol-all-terrain-anorak-jackete3c8.html]
[demo.posthemes.com/pos_ecolife/layout2/85-large_default/brixton-patrol-all-terrain-anorak-jacket.jpg]
[demo.posthemes.com/pos_ecolife/layout2/87-large_default/brixton-patrol-all-terrain-anorak-jacket.jpg]
[demo.posthemes.com/pos_ecolife/layout2/84-home_default/brixton-patrol-all-terrain-anorak-jacket.jpg]
[demo.posthemes.com/pos_ecolife/layout2/85-home_default/brixton-patrol-all-terrain-anorak-jacket.jpg]
[demo.posthemes.com/pos_ecolife/layout2/87-home_default/brixton-patrol-all-terrain-anorak-jacket.jpg]
[demo.posthemes.com/pos_ecolife/layout2/img/m/2.jpg]
[demo.posthemes.com/pos_ecolife/layout2/86-medium_default/brixton-patrol-all-terrain-anorak-jacket.jpg]
[demo.posthemes.com/pos_ecolife/layout2/en/fresh-food/15-95-brixton-patrol-all-terrain-anorak-jacket.html]
[demo.posthemes.com/pos_ecolife/layout2/en/brand/2-graphic-corner6edc.html]
[demo.posthemes.com/pos_ecolife/layout2/en/brand/2-graphic-cornere3c8.html]
[demo.posthemes.com/pos_ecolife/layout2/en/brand/2-graphic-corner0dbf.html]
[demo.posthemes.com/pos_ecolife/layout2/en/brand/2-graphic-cornerfe2d.html]
[demo.posthemes.com/pos_ecolife/layout2/en/brand/2-graphic-corner0279.html]
[demo.posthemes.com/pos_ecolife/layout2/en/brand/2-graphic-corner8eb3.html]
[demo.posthemes.com/pos_ecolife/layout2/en/brand/2-graphic-corner.html]
[demo.posthemes.com/pos_ecolife/layout2/en/brand/2-graphic-corner04e6.html]
[demo.posthemes.com/pos_ecolife/layout2/en/fresh-food/14-92-new-luxury-men-s-slim-fit-shirt-short-sleeve-stylish-casual-blouse.56.d]
[demo.posthemes.com/pos_ecolife/layout2/en/fresh-food/14-new-luxury-men-s-slim-fit-shirt-short-sleeve-stylish-casual-blouse.335.del]
[demo.posthemes.com/pos_ecolife/layout2/en/fresh-food/14-new-luxury-men-s-slim-fit-shirt-short-sleeve-stylish-casual-blouse.337e3c8]
[demo.posthemes.com/pos_ecolife/layout2/81-large_default/new-luxury-men-s-slim-fit-shirt-short-sleeve-stylish-casual-blouse.338.del]
[demo.posthemes.com/pos_ecolife/layout2/en/fresh-food/7-trans-weight-hooded-wind-and-water-resistant-shell6edc.html]
[demo.posthemes.com/pos_ecolife/layout2/82-large_default/new-luxury-men-s-slim-fit-shirt-short-sleeve-stylish-casual-blouse.339.del]
[demo.posthemes.com/pos_ecolife/layout2/en/fresh-food/14-new-luxury-men-s-slim-fit-shirt-short-sleeve-stylish-casual-blouse.3366edc]
[demo.posthemes.com/pos_ecolife/layout2/83-large_default/new-luxury-men-s-slim-fit-shirt-short-sleeve-stylish-casual-blouse.33a.del]
[demo.posthemes.com/pos_ecolife/layout2/en/fresh-food/7-trans-weight-hooded-wind-and-water-resistant-shelle3c8.html]
[demo.posthemes.com/pos_ecolife/layout2/81-home_default/new-luxury-men-s-slim-fit-shirt-short-sleeve-stylish-casual-blouse.33b.dela]
[demo.posthemes.com/pos_ecolife/layout2/48-large_default/trans-weight-hooded-wind-and-water-resistant-shell.jpg]
[demo.posthemes.com/pos_ecolife/layout2/82-home_default/new-luxury-men-s-slim-fit-shirt-short-sleeve-stylish-casual-blouse.33c.dela]
[demo.posthemes.com/pos_ecolife/layout2/50-large_default/trans-weight-hooded-wind-and-water-resistant-shell.jpg]
[demo.posthemes.com/pos_ecolife/layout2/83-home_default/new-luxury-men-s-slim-fit-shirt-short-sleeve-stylish-casual-blouse.33d.dela]
[demo.posthemes.com/pos_ecolife/layout2/51-large_default/trans-weight-hooded-wind-and-water-resistant-shell.jpg]
[demo.posthemes.com/pos_ecolife/layout2/80-medium_default/new-luxury-men-s-slim-fit-shirt-short-sleeve-stylish-casual-blouse.33e.de]
[demo.posthemes.com/pos_ecolife/layout2/50-home_default/trans-weight-hooded-wind-and-water-resistant-shell.jpg]
[demo.posthemes.com/pos_ecolife/layout2/51-home_default/trans-weight-hooded-wind-and-water-resistant-shell.jpg]
[demo.posthemes.com/pos_ecolife/layout2/49-medium_default/trans-weight-hooded-wind-and-water-resistant-shell.jpg]
[demo.posthemes.com/pos_ecolife/layout2/en/fresh-food/7-trans-weight-hooded-wind-and-water-resistant-shell.html]
[demo.posthemes.com/pos_ecolife/layout2/en/fresh-food/8--water-and-wind-resistant-insulated-jacket6edc.html]
[demo.posthemes.com/pos_ecolife/layout2/en/fresh-food/8--water-and-wind-resistant-insulated-jackete3c8.html]
[demo.posthemes.com/pos_ecolife/layout2/44-large_default/-water-and-wind-resistant-insulated-jacket.jpg]
[demo.posthemes.com/pos_ecolife/layout2/46-large_default/-water-and-wind-resistant-insulated-jacket.jpg]
[demo.posthemes.com/pos_ecolife/layout2/47-large_default/-water-and-wind-resistant-insulated-jacket.jpg]
[demo.posthemes.com/pos_ecolife/layout2/44-home_default/-water-and-wind-resistant-insulated-jacket.jpg]
[demo.posthemes.com/pos_ecolife/layout2/46-home_default/-water-and-wind-resistant-insulated-jacket.jpg]
[demo.posthemes.com/pos_ecolife/layout2/47-home_default/-water-and-wind-resistant-insulated-jacket.jpg]
[demo.posthemes.com/pos_ecolife/layout2/45-medium_default/-water-and-wind-resistant-insulated-jacket.jpg]
[demo.posthemes.com/pos_ecolife/layout2/en/fresh-food/8--water-and-wind-resistant-insulated-jacket.html]
[demo.posthemes.com/pos_ecolife/layout2/en/fresh-food/10-brown-bear-cushion.html]
[demo.posthemes.com/pos_ecolife/layout2/en/fresh-food/10-brown-bear-cushion6edc.html]
[demo.posthemes.com/pos_ecolife/layout2/en/fresh-food/10-brown-bear-cushione3c8.html]
[demo.posthemes.com/pos_ecolife/layout2/37-large_default/brown-bear-cushion.jpg]
[demo.posthemes.com/pos_ecolife/layout2/38-large_default/brown-bear-cushion.jpg]
[demo.posthemes.com/pos_ecolife/layout2/39-large_default/brown-bear-cushion.jpg]
[demo.posthemes.com/pos_ecolife/layout2/37-home_default/brown-bear-cushion.jpg]
[demo.posthemes.com/pos_ecolife/layout2/38-home_default/brown-bear-cushion.jpg]
[demo.posthemes.com/pos_ecolife/layout2/39-home_default/brown-bear-cushion.jpg]
[demo.posthemes.com/pos_ecolife/layout2/36-medium_default/brown-bear-cushion.jpg]
[demo.posthemes.com/pos_ecolife/layout2/en/fresh-food/10-24-brown-bear-cushion.html]
[demo.posthemes.com/pos_ecolife/layout2/en/fresh-food/10-25-brown-bear-cushion.html]
[demo.posthemes.com/pos_ecolife/layout2/en/fresh-food/11-new-balance-fresh-foam-lazr-v1-sport.html]
[demo.posthemes.com/pos_ecolife/layout2/en/fresh-food/11-new-balance-fresh-foam-lazr-v1-sport6edc.html]
[demo.posthemes.com/pos_ecolife/layout2/en/fresh-food/11-new-balance-fresh-foam-lazr-v1-sporte3c8.html]
[demo.posthemes.com/pos_ecolife/layout2/32-large_default/new-balance-fresh-foam-lazr-v1-sport.jpg]
[demo.posthemes.com/pos_ecolife/layout2/34-large_default/new-balance-fresh-foam-lazr-v1-sport.jpg]
[demo.posthemes.com/pos_ecolife/layout2/35-large_default/new-balance-fresh-foam-lazr-v1-sport.jpg]
[demo.posthemes.com/pos_ecolife/layout2/34-home_default/new-balance-fresh-foam-lazr-v1-sport.jpg]
[demo.posthemes.com/pos_ecolife/layout2/35-home_default/new-balance-fresh-foam-lazr-v1-sport.jpg]
[demo.posthemes.com/pos_ecolife/layout2/en/fresh-food/11-26-new-balance-fresh-foam-lazr-v1-sport.html]
[demo.posthemes.com/pos_ecolife/layout2/en/fresh-food/11-27-new-balance-fresh-foam-lazr-v1-sport.html]
[demo.posthemes.com/pos_ecolife/layout2/en/fresh-food/5-calvin-klein-jeans-reflective-logo-full-zip.html]
[demo.posthemes.com/pos_ecolife/layout2/en/fresh-food/5-calvin-klein-jeans-reflective-logo-full-zip6edc.html]
[demo.posthemes.com/pos_ecolife/layout2/en/fresh-food/5-calvin-klein-jeans-reflective-logo-full-zipe3c8.html]
[demo.posthemes.com/pos_ecolife/layout2/57-large_default/calvin-klein-jeans-reflective-logo-full-zip.jpg]
[demo.posthemes.com/pos_ecolife/layout2/58-large_default/calvin-klein-jeans-reflective-logo-full-zip.jpg]
[demo.posthemes.com/pos_ecolife/layout2/59-large_default/calvin-klein-jeans-reflective-logo-full-zip.jpg]
[demo.posthemes.com/pos_ecolife/layout2/58-home_default/calvin-klein-jeans-reflective-logo-full-zip.jpg]
[demo.posthemes.com/pos_ecolife/layout2/59-home_default/calvin-klein-jeans-reflective-logo-full-zip.jpg]
[demo.posthemes.com/pos_ecolife/layout2/56-medium_default/calvin-klein-jeans-reflective-logo-full-zip.jpg]
[demo.posthemes.com/pos_ecolife/layout2/en/fresh-food/5-19-calvin-klein-jeans-reflective-logo-full-zip.html]
[demo.posthemes.com/pos_ecolife/layout2/en/fresh-food/13-brown-bear-vector-graphics6edc.html]
[demo.posthemes.com/pos_ecolife/layout2/en/fresh-food/13-brown-bear-vector-graphicse3c8.html]
[demo.posthemes.com/pos_ecolife/layout2/25-large_default/brown-bear-vector-graphics.jpg]
[demo.posthemes.com/pos_ecolife/layout2/26-large_default/brown-bear-vector-graphics.jpg]
[demo.posthemes.com/pos_ecolife/layout2/27-large_default/brown-bear-vector-graphics.jpg]
[demo.posthemes.com/pos_ecolife/layout2/26-home_default/brown-bear-vector-graphics.jpg]
[demo.posthemes.com/pos_ecolife/layout2/27-home_default/brown-bear-vector-graphics.jpg]
[demo.posthemes.com/pos_ecolife/layout2/24-medium_default/brown-bear-vector-graphics.jpg]
[demo.posthemes.com/pos_ecolife/layout2/en/fresh-food/13-brown-bear-vector-graphics.html]
[demo.posthemes.com/pos_ecolife/layout2/en/fresh-food/4-the-adventure-begins-framed-poster.html]
[demo.posthemes.com/pos_ecolife/layout2/en/fresh-food/4-the-adventure-begins-framed-poster6edc.html]
[demo.posthemes.com/pos_ecolife/layout2/en/fresh-food/4-the-adventure-begins-framed-postere3c8.html]
[demo.posthemes.com/pos_ecolife/layout2/61-large_default/the-adventure-begins-framed-poster.jpg]
[demo.posthemes.com/pos_ecolife/layout2/62-large_default/the-adventure-begins-framed-poster.jpg]
[demo.posthemes.com/pos_ecolife/layout2/63-large_default/the-adventure-begins-framed-poster.jpg]
[demo.posthemes.com/pos_ecolife/layout2/61-home_default/the-adventure-begins-framed-poster.jpg]
[demo.posthemes.com/pos_ecolife/layout2/62-home_default/the-adventure-begins-framed-poster.jpg]
[demo.posthemes.com/pos_ecolife/layout2/63-home_default/the-adventure-begins-framed-poster.jpg]
[demo.posthemes.com/pos_ecolife/layout2/60-medium_default/the-adventure-begins-framed-poster.jpg]
[demo.posthemes.com/pos_ecolife/layout2/en/fresh-food/4-16-the-adventure-begins-framed-poster.html]
[demo.posthemes.com/pos_ecolife/layout2/en/fresh-food/12-juicy-couture-tricot-logo-stripe-jacket6edc.html]
[demo.posthemes.com/pos_ecolife/layout2/en/fresh-food/12-juicy-couture-tricot-logo-stripe-jackete3c8.html]
[demo.posthemes.com/pos_ecolife/layout2/29-large_default/juicy-couture-tricot-logo-stripe-jacket.jpg]
[demo.posthemes.com/pos_ecolife/layout2/30-large_default/juicy-couture-tricot-logo-stripe-jacket.jpg]
[demo.posthemes.com/pos_ecolife/layout2/31-large_default/juicy-couture-tricot-logo-stripe-jacket.jpg]
[demo.posthemes.com/pos_ecolife/layout2/29-home_default/juicy-couture-tricot-logo-stripe-jacket.jpg]
[demo.posthemes.com/pos_ecolife/layout2/30-home_default/juicy-couture-tricot-logo-stripe-jacket.jpg]
[demo.posthemes.com/pos_ecolife/layout2/31-home_default/juicy-couture-tricot-logo-stripe-jacket.jpg]
[demo.posthemes.com/pos_ecolife/layout2/28-medium_default/juicy-couture-tricot-logo-stripe-jacket.jpg]
[demo.posthemes.com/pos_ecolife/layout2/en/fresh-food/12-juicy-couture-tricot-logo-stripe-jacket.html]
[demo.posthemes.com/pos_ecolife/layout2/en/fresh-food/3-brixton-patrol-all-terrain-anorak-jacket.html]
[demo.posthemes.com/pos_ecolife/layout2/en/fresh-food/3-brixton-patrol-all-terrain-anorak-jacket6edc.html]
[demo.posthemes.com/pos_ecolife/layout2/en/fresh-food/3-brixton-patrol-all-terrain-anorak-jackete3c8.html]
[demo.posthemes.com/pos_ecolife/layout2/65-large_default/brixton-patrol-all-terrain-anorak-jacket.jpg]
[demo.posthemes.com/pos_ecolife/layout2/66-large_default/brixton-patrol-all-terrain-anorak-jacket.jpg]
[demo.posthemes.com/pos_ecolife/layout2/67-large_default/brixton-patrol-all-terrain-anorak-jacket.jpg]
[demo.posthemes.com/pos_ecolife/layout2/66-home_default/brixton-patrol-all-terrain-anorak-jacket.jpg]
[demo.posthemes.com/pos_ecolife/layout2/67-home_default/brixton-patrol-all-terrain-anorak-jacket.jpg]
[demo.posthemes.com/pos_ecolife/layout2/64-medium_default/brixton-patrol-all-terrain-anorak-jacket.jpg]
[demo.posthemes.com/pos_ecolife/layout2/en/fresh-food/3-13-brixton-patrol-all-terrain-anorak-jacket.html]
[demo.posthemes.com/pos_ecolife/layout2/en/module/xipblog/module-xipblog-single4c36.html]
[demo.posthemes.com/pos_ecolife/layout2/en/module/xipblog/module-xipblog-single3202.html]
[demo.posthemes.com/pos_ecolife/layout2/modules/xipblog/img/large-blog2.jpg]
[demo.posthemes.com/pos_ecolife/layout2/en/xipblog/post/2_this-is-secound-post-for-xipblog4884.html]
[demo.posthemes.com/pos_ecolife/layout2/en/module/xipblog/module-xipblog-archive4636.html]
[demo.posthemes.com/pos_ecolife/layout2/en/module/xipblog/module-xipblog-archivea8f4.html]
[demo.posthemes.com/pos_ecolife/layout2/en/module/xipblog/module-xipblog-archive3b58.html]
[demo.posthemes.com/pos_ecolife/layout2/modules/xipblog/img/large-blog3.jpg]
[demo.posthemes.com/pos_ecolife/layout2/modules/xipblog/img/large-blog4.jpg]
[demo.posthemes.com/pos_ecolife/layout2/modules/xipblog/img/large-blog1.jpg]
[demo.posthemes.com/pos_ecolife/layout2/en/xipblog/category/1_organice9f8.html]
[demo.posthemes.com/pos_ecolife/layout2/en/module/xipblog/module-xipblog-single8677.html]
[demo.posthemes.com/pos_ecolife/layout2/en/module/xipblog/module-xipblog-singlec1e1.html]
[demo.posthemes.com/pos_ecolife/layout2/en/module/xipblog/module-xipblog-singledd07.html]
[demo.posthemes.com/pos_ecolife/layout2/en/xipblog/post/3_this-is-third-post-for-xipblog4884.html]
[demo.posthemes.com/pos_ecolife/layout2/en/module/xipblog/module-xipblog-singleff2e.html]
[demo.posthemes.com/pos_ecolife/layout2/en/module/xipblog/module-xipblog-single6e04.html]
[demo.posthemes.com/pos_ecolife/layout2/en/module/xipblog/module-xipblog-singlebc00.html]
[demo.posthemes.com/pos_ecolife/layout2/en/xipblog/post/4_this-is-fourth-post-for-xipblog4884.html]
[demo.posthemes.com/pos_ecolife/layout2/en/module/xipblog/module-xipblog-single7117.html]
[demo.posthemes.com/pos_ecolife/layout2/en/module/xipblog/module-xipblog-singlef604.html]
[demo.posthemes.com/pos_ecolife/layout2/en/module/xipblog/module-xipblog-singlea789.html]
[demo.posthemes.com/pos_ecolife/layout2/en/xipblog/post/1_this-is-first-post-for-xipblog4884.html]
[demo.posthemes.com/pos_ecolife/layout2/en/content/1-delivery6edc.html]
[demo.posthemes.com/pos_ecolife/layout2/en/content/1-deliverye3c8.html]
[demo.posthemes.com/pos_ecolife/layout2/en/content/1-delivery.html]
[demo.posthemes.com/pos_ecolife/layout2/en/content/4-about-us6edc.html]
[demo.posthemes.com/pos_ecolife/layout2/en/content/4-about-use3c8.html]
[demo.posthemes.com/pos_ecolife/layout2/img/cms/cms-img.jpg]
[demo.posthemes.com/pos_ecolife/layout2/en/content/4-about-us.html]
[demo.posthemes.com/pos_ecolife/layout2/en/content/5-secure-payment6edc.html]
[demo.posthemes.com/pos_ecolife/layout2/en/content/5-secure-paymente3c8.html]
[demo.posthemes.com/pos_ecolife/layout2/en/content/5-secure-payment.html]
[demo.posthemes.com/pos_ecolife/layout2/en/sitemap6edc.html]
[demo.posthemes.com/pos_ecolife/layout2/en/sitemape3c8.html]
[demo.posthemes.com/pos_ecolife/layout2/en/supplier.html]
[demo.posthemes.com/pos_ecolife/layout2/en/content/3-terms-and-conditions-of-use.html]
[demo.posthemes.com/pos_ecolife/layout2/en/sitemap.html]
[demo.posthemes.com/pos_ecolife/layout2/en/stores6edc.html]
[demo.posthemes.com/pos_ecolife/layout2/en/storese3c8.html]
[demo.posthemes.com/pos_ecolife/layout2/img/st/1-stores_default.jpg]
[demo.posthemes.com/pos_ecolife/layout2/img/st/2-stores_default.jpg]
[demo.posthemes.com/pos_ecolife/layout2/img/st/3-stores_default.jpg]
[demo.posthemes.com/pos_ecolife/layout2/img/st/4-stores_default.jpg]
[demo.posthemes.com/pos_ecolife/layout2/img/st/5-stores_default.jpg]
[demo.posthemes.com/pos_ecolife/layout2/en/stores.html]
[demo.posthemes.com/pos_ecolife/layout2/en/content/2-legal-notice6edc.html]
[demo.posthemes.com/pos_ecolife/layout2/en/content/2-legal-noticee3c8.html]
[demo.posthemes.com/pos_ecolife/layout2/en/content/2-legal-notice.html]
[demo.posthemes.com/pos_ecolife/layout2/en/new-products6edc.html]
[demo.posthemes.com/pos_ecolife/layout2/en/new-productse3c8.html]
[demo.posthemes.com/pos_ecolife/layout2/en/new-products22e4.html]
[demo.posthemes.com/pos_ecolife/layout2/en/new-products08a3.html]
[demo.posthemes.com/pos_ecolife/layout2/en/new-productsfe2d.html]
[demo.posthemes.com/pos_ecolife/layout2/en/new-products0279.html]
[demo.posthemes.com/pos_ecolife/layout2/en/new-products8eb3.html]
[demo.posthemes.com/pos_ecolife/layout2/en/new-products04e6.html]
[demo.posthemes.com/pos_ecolife/layout2/en/new-products.html]
[demo.posthemes.com/pos_ecolife/layout2/en/new-products4658.html]
[demo.posthemes.com/pos_ecolife/layout2/en/best-sales6edc.html]
[demo.posthemes.com/pos_ecolife/layout2/en/best-salese3c8.html]
[demo.posthemes.com/pos_ecolife/layout2/en/best-salese563.html]
[demo.posthemes.com/pos_ecolife/layout2/en/best-sales0279.html]
[demo.posthemes.com/pos_ecolife/layout2/en/best-salesfe2d.html]
[demo.posthemes.com/pos_ecolife/layout2/en/best-sales8eb3.html]
[demo.posthemes.com/pos_ecolife/layout2/en/best-sales04e6.html]
[demo.posthemes.com/pos_ecolife/layout2/en/best-sales4658.html]
[demo.posthemes.com/pos_ecolife/layout2/en/best-sales.html]
[demo.posthemes.com/pos_ecolife/layout2/en/login6edc.html]
[demo.posthemes.com/pos_ecolife/layout2/en/login.html]
[demo.posthemes.com/pos_ecolife/layout2/modules/blockwishlist/img/icon/pict_add_wishlist.html]
[demo.posthemes.com/pos_ecolife/layout2/en/index7eb6.html]
[demo.posthemes.com/pos_ecolife/layout2/en/logine3c8.html]
[demo.posthemes.com/pos_ecolife/layout2/en/index8dde.html]
[demo.posthemes.com/pos_ecolife/layout2/en/loginaa7c.html]
[demo.posthemes.com/pos_ecolife/layout2/en/loginb36a.html]
[demo.posthemes.com/pos_ecolife/layout2/en/indexe853.html]
[demo.posthemes.com/pos_ecolife/layout2/en/login9ef6.html]
[demo.posthemes.com/pos_ecolife/layout2/en/login022d.html]
[demo.posthemes.com/pos_ecolife/layout2/en/logind41a.html]
[demo.posthemes.com/pos_ecolife/layout2/en/password-recovery6edc.html]
[demo.posthemes.com/pos_ecolife/layout2/en/password-recovery.html]
[demo.posthemes.com/pos_ecolife/layout2/en/password-recoverye3c8.html]
[demo.posthemes.com/pos_ecolife/layout2/en/login24ee.html]
[demo.posthemes.com/pos_ecolife/layout2/en/loginca5f.html]
[demo.posthemes.com/pos_ecolife/layout2/en/login28e8.html]
[demo.posthemes.com/pos_ecolife/layout2/en/cart19b7.html]
[demo.posthemes.com/pos_ecolife/layout2/en/cartcdf9.html]
[demo.posthemes.com/pos_ecolife/layout2/en/cart7659.html]
[demo.posthemes.com/pos_ecolife/layout2/en/cart6478.html]
[demo.posthemes.com/pos_ecolife/layout2/en/cartd1e3.html]
[demo.posthemes.com/pos_ecolife/layout2/en/login76c2.html]
[demo.posthemes.com/pos_ecolife/layout2/en/login1864.html]
[demo.posthemes.com/pos_ecolife/layout2/en/loginac46.html]
[demo.posthemes.com/pos_ecolife/layout2/en/login30b3.html]
[demo.posthemes.com/pos_ecolife/layout2/en/login99e0.html]
[demo.posthemes.com/pos_ecolife/layout2/themes/theme_ecolife2/assets/cache/theme-b33a8315.css]
[demo.posthemes.com/pos_ecolife/layout2/en/104-fresh-foodf09b.html]
[demo.posthemes.com/pos_ecolife/layout2/en/104-fresh-food1357.html]
[demo.posthemes.com/pos_ecolife/layout2/en/104-fresh-food640b.html]
[demo.posthemes.com/pos_ecolife/layout2/en/104-fresh-foodd45e.html]
[demo.posthemes.com/pos_ecolife/layout2/en/104-fresh-food1150.html]
[demo.posthemes.com/pos_ecolife/layout2/en/104-fresh-food3d9b.html]
[demo.posthemes.com/pos_ecolife/layout2/en/104-fresh-foodc89d.html]
[demo.posthemes.com/pos_ecolife/layout2/en/104-fresh-food0b23.html]
[demo.posthemes.com/pos_ecolife/layout2/en/104-fresh-food49fa.html]
[demo.posthemes.com/pos_ecolife/layout2/en/104-fresh-food40cb.html]
[demo.posthemes.com/pos_ecolife/layout2/en/104-fresh-foodfbc5.html]
[demo.posthemes.com/pos_ecolife/layout2/en/104-fresh-foodb5b4.html]
[demo.posthemes.com/pos_ecolife/layout2/en/104-fresh-foodb95b.html]
[demo.posthemes.com/pos_ecolife/layout2/en/104-fresh-food7416.html]
[demo.posthemes.com/pos_ecolife/layout2/en/104-fresh-food011e.html]
[demo.posthemes.com/pos_ecolife/layout2/en/104-fresh-food25dc.html]
[demo.posthemes.com/pos_ecolife/layout2/en/104-fresh-foodb6f0.html]
[demo.posthemes.com/pos_ecolife/layout2/en/104-fresh-foodb114.html]
[demo.posthemes.com/pos_ecolife/layout2/en/104-fresh-food14bf.html]
[demo.posthemes.com/pos_ecolife/layout2/en/104-fresh-food64ec.html]
[demo.posthemes.com/pos_ecolife/layout2/en/104-fresh-foodad50.html]
[demo.posthemes.com/pos_ecolife/layout2/en/104-fresh-food2ce1.html]
[demo.posthemes.com/pos_ecolife/layout2/en/104-fresh-food6edc.html]
[demo.posthemes.com/pos_ecolife/layout2/en/104-fresh-foodef7f.html]
[demo.posthemes.com/pos_ecolife/layout2/en/104-fresh-foodea81.html]
[demo.posthemes.com/pos_ecolife/layout2/en/104-fresh-food6c55.html]
[demo.posthemes.com/pos_ecolife/layout2/en/104-fresh-foode76d.html]
[demo.posthemes.com/pos_ecolife/layout2/en/104-fresh-food9926.html]
[demo.posthemes.com/pos_ecolife/layout2/en/104-fresh-food2c8a.html]
[demo.posthemes.com/pos_ecolife/layout2/en/104-fresh-fooda22a.html]
[demo.posthemes.com/pos_ecolife/layout2/en/104-fresh-foodfa52.html]
[demo.posthemes.com/pos_ecolife/layout2/en/104-fresh-foodb995.html]
[demo.posthemes.com/pos_ecolife/layout2/en/104-fresh-food4972.html]
[demo.posthemes.com/pos_ecolife/layout2/en/104-fresh-food39e2.html]
[demo.posthemes.com/pos_ecolife/layout2/en/104-fresh-foodaa79.html]
[demo.posthemes.com/pos_ecolife/layout2/en/104-fresh-food80c5.html]
[demo.posthemes.com/pos_ecolife/layout2/en/104-fresh-food1aec.html]
[demo.posthemes.com/pos_ecolife/layout2/en/104-fresh-foode962.html]
[demo.posthemes.com/pos_ecolife/layout2/en/104-fresh-food4b57.html]
[demo.posthemes.com/pos_ecolife/layout2/en/104-fresh-food1706.html]
[demo.posthemes.com/pos_ecolife/layout2/en/104-fresh-foode91e.html]
[demo.posthemes.com/pos_ecolife/layout2/en/104-fresh-foodaf71.html]
[demo.posthemes.com/pos_ecolife/layout2/en/104-fresh-food45bc.html]
[demo.posthemes.com/pos_ecolife/layout2/en/104-fresh-food8998.html]
[demo.posthemes.com/pos_ecolife/layout2/en/104-fresh-foode3c8.html]
[demo.posthemes.com/pos_ecolife/layout2/en/104-fresh-food82b3.html]
[demo.posthemes.com/pos_ecolife/layout2/en/104-fresh-foodec78.html]
[demo.posthemes.com/pos_ecolife/layout2/en/104-fresh-foode41c.html]
[demo.posthemes.com/pos_ecolife/layout2/en/104-fresh-food3b60.html]
[demo.posthemes.com/pos_ecolife/layout2/en/104-fresh-foodf3f8.html]
[demo.posthemes.com/pos_ecolife/layout2/en/104-fresh-food337b.html]
[demo.posthemes.com/pos_ecolife/layout2/en/104-fresh-food4754.html]
[demo.posthemes.com/pos_ecolife/layout2/en/104-fresh-food78a7.html]
[demo.posthemes.com/pos_ecolife/layout2/en/104-fresh-food5ad0.html]
[demo.posthemes.com/pos_ecolife/layout2/en/104-fresh-food73ca.html]
[demo.posthemes.com/pos_ecolife/layout2/en/104-fresh-food77b2.html]
[demo.posthemes.com/pos_ecolife/layout2/en/104-fresh-food3015.html]
[demo.posthemes.com/pos_ecolife/layout2/en/104-fresh-food3b2d.html]
[demo.posthemes.com/pos_ecolife/layout2/en/104-fresh-food9b38.html]
[demo.posthemes.com/pos_ecolife/layout2/en/104-fresh-food40f7.html]
[demo.posthemes.com/pos_ecolife/layout2/en/104-fresh-food7953.html]
[demo.posthemes.com/pos_ecolife/layout2/en/104-fresh-foodd483.html]
[demo.posthemes.com/pos_ecolife/layout2/en/104-fresh-food08df.html]
[demo.posthemes.com/pos_ecolife/layout2/en/104-fresh-foodbb45.html]
[demo.posthemes.com/pos_ecolife/layout2/en/104-fresh-foodde24.html]
[demo.posthemes.com/pos_ecolife/layout2/en/104-fresh-food578a.html]
[demo.posthemes.com/pos_ecolife/layout2/en/104-fresh-foodd8d1.html]
[demo.posthemes.com/pos_ecolife/layout2/en/104-fresh-foodec94.html]
[demo.posthemes.com/pos_ecolife/layout2/en/104-fresh-food2bd1.html]
[demo.posthemes.com/pos_ecolife/layout2/en/104-fresh-foodae2d.html]
[demo.posthemes.com/pos_ecolife/layout2/en/104-fresh-food2a14.html]
[demo.posthemes.com/pos_ecolife/layout2/en/104-fresh-foodcf88.html]
[demo.posthemes.com/pos_ecolife/layout2/en/104-fresh-food1b3d.html]
[demo.posthemes.com/pos_ecolife/layout2/en/104-fresh-food9ed9.html]
[demo.posthemes.com/pos_ecolife/layout2/en/104-fresh-foodf802.html]
[demo.posthemes.com/pos_ecolife/layout2/en/104-fresh-food2912.html]
[demo.posthemes.com/pos_ecolife/layout2/en/104-fresh-foode014.html]
[demo.posthemes.com/pos_ecolife/layout2/en/104-fresh-food56c2.html]
[demo.posthemes.com/pos_ecolife/layout2/en/104-fresh-food7439.html]
[demo.posthemes.com/pos_ecolife/layout2/en/104-fresh-foodab6f.html]
[demo.posthemes.com/pos_ecolife/layout2/en/104-fresh-foodf457.html]
[demo.posthemes.com/pos_ecolife/layout2/en/104-fresh-food489e.html]
[demo.posthemes.com/pos_ecolife/layout2/en/104-fresh-food5a2f.html]
[demo.posthemes.com/pos_ecolife/layout2/en/104-fresh-food8b5a.html]
[demo.posthemes.com/pos_ecolife/layout2/en/104-fresh-food388c.html]
[demo.posthemes.com/pos_ecolife/layout2/en/104-fresh-food9e67.html]
[demo.posthemes.com/pos_ecolife/layout2/en/104-fresh-food0b9f.html]
[demo.posthemes.com/pos_ecolife/layout2/en/104-fresh-food0edb.html]
[demo.posthemes.com/pos_ecolife/layout2/en/104-fresh-food86fa.html]
[demo.posthemes.com/pos_ecolife/layout2/en/104-fresh-food2a73.html]
[demo.posthemes.com/pos_ecolife/layout2/en/104-fresh-foodcc63.html]
[demo.posthemes.com/pos_ecolife/layout2/en/104-fresh-food1cb9.html]
[demo.posthemes.com/pos_ecolife/layout2/en/104-fresh-food3e4b.html]
[demo.posthemes.com/pos_ecolife/layout2/en/104-fresh-food2183.html]
[demo.posthemes.com/pos_ecolife/layout2/en/104-fresh-foodf77f.html]
[demo.posthemes.com/pos_ecolife/layout2/en/104-fresh-food62cc.html]
[demo.posthemes.com/pos_ecolife/layout2/en/104-fresh-food2261.html]
[demo.posthemes.com/pos_ecolife/layout2/en/104-fresh-food5b47.html]
[demo.posthemes.com/pos_ecolife/layout2/en/104-fresh-food55e8.html]
[demo.posthemes.com/pos_ecolife/layout2/en/104-fresh-foode41b.html]
[demo.posthemes.com/pos_ecolife/layout2/en/104-fresh-food9f16.html]
[demo.posthemes.com/pos_ecolife/layout2/en/104-fresh-food8dae.html]
[demo.posthemes.com/pos_ecolife/layout2/en/104-fresh-food419a.html]
[demo.posthemes.com/pos_ecolife/layout2/en/104-fresh-food35ae.html]
[demo.posthemes.com/pos_ecolife/layout2/en/104-fresh-food9fb4.html]
[demo.posthemes.com/pos_ecolife/layout2/en/104-fresh-foodb6d3.html]
[demo.posthemes.com/pos_ecolife/layout2/en/104-fresh-foodafd9.html]
[demo.posthemes.com/pos_ecolife/layout2/en/104-fresh-food82ae.html]
[demo.posthemes.com/pos_ecolife/layout2/en/104-fresh-food851d.html]
[demo.posthemes.com/pos_ecolife/layout2/en/104-fresh-food0e58.html]
[demo.posthemes.com/pos_ecolife/layout2/en/104-fresh-foodda75.html]
[demo.posthemes.com/pos_ecolife/layout2/en/104-fresh-food89bc.html]
[demo.posthemes.com/pos_ecolife/layout2/en/104-fresh-food6d0f.html]
[demo.posthemes.com/pos_ecolife/layout2/en/104-fresh-foodf161.html]
[demo.posthemes.com/pos_ecolife/layout2/en/104-fresh-food7c35.html]
[demo.posthemes.com/pos_ecolife/layout2/en/104-fresh-foodd75f.html]
[demo.posthemes.com/pos_ecolife/layout2/en/104-fresh-foodd6c3.html]
[demo.posthemes.com/pos_ecolife/layout2/en/104-fresh-food1ea5.html]
[demo.posthemes.com/pos_ecolife/layout2/en/104-fresh-food0033.html]
[demo.posthemes.com/pos_ecolife/layout2/en/104-fresh-foodbac3.html]
[demo.posthemes.com/pos_ecolife/layout2/en/104-fresh-food8d2b.html]
[demo.posthemes.com/pos_ecolife/layout2/en/104-fresh-food3292.html]
[demo.posthemes.com/pos_ecolife/layout2/en/104-fresh-fooda990.html]
[demo.posthemes.com/pos_ecolife/layout2/en/104-fresh-foodd1eb.html]
[demo.posthemes.com/pos_ecolife/layout2/en/104-fresh-fooda416.html]
[demo.posthemes.com/pos_ecolife/layout2/en/104-fresh-food45d3.html]
[demo.posthemes.com/pos_ecolife/layout2/en/104-fresh-foodda11.html]
[demo.posthemes.com/pos_ecolife/layout2/en/104-fresh-food0e7a.html]
[demo.posthemes.com/pos_ecolife/layout2/en/104-fresh-foodc848.html]
[demo.posthemes.com/pos_ecolife/layout2/en/104-fresh-food3f0d.html]
[demo.posthemes.com/pos_ecolife/layout2/en/104-fresh-food43d5.html]
[demo.posthemes.com/pos_ecolife/layout2/en/104-fresh-food0f5a.html]
[demo.posthemes.com/pos_ecolife/layout2/en/104-fresh-food1937.html]
[demo.posthemes.com/pos_ecolife/layout2/en/104-fresh-fooddb89.html]
[demo.posthemes.com/pos_ecolife/layout2/en/104-fresh-food41c9.html]
[demo.posthemes.com/pos_ecolife/layout2/en/104-fresh-food32a6.html]
[demo.posthemes.com/pos_ecolife/layout2/en/104-fresh-foodee25.html]
[demo.posthemes.com/pos_ecolife/layout2/en/104-fresh-foodcec9.html]
[demo.posthemes.com/pos_ecolife/layout2/en/104-fresh-food38a1.html]
[demo.posthemes.com/pos_ecolife/layout2/en/104-fresh-food9c55.html]
[demo.posthemes.com/pos_ecolife/layout2/en/104-fresh-food8185.html]
[demo.posthemes.com/pos_ecolife/layout2/en/104-fresh-foodfd00.html]
[demo.posthemes.com/pos_ecolife/layout2/en/104-fresh-food2c15.html]
[demo.posthemes.com/pos_ecolife/layout2/en/104-fresh-foodd452.html]
[demo.posthemes.com/pos_ecolife/layout2/en/104-fresh-foodcafa.html]
[demo.posthemes.com/pos_ecolife/layout2/en/104-fresh-food962f.html]
[demo.posthemes.com/pos_ecolife/layout2/en/104-fresh-food6fa0.html]
[demo.posthemes.com/pos_ecolife/layout2/en/104-fresh-foodb913.html]
[demo.posthemes.com/pos_ecolife/layout2/en/104-fresh-foodeb42.html]
[demo.posthemes.com/pos_ecolife/layout2/en/104-fresh-foodda72.html]
[demo.posthemes.com/pos_ecolife/layout2/en/104-fresh-food8fdd.html]
[demo.posthemes.com/pos_ecolife/layout2/en/104-fresh-foode25c.html]
[demo.posthemes.com/pos_ecolife/layout2/en/104-fresh-food643c.html]
[demo.posthemes.com/pos_ecolife/layout2/en/104-fresh-foodd19d.html]
[demo.posthemes.com/pos_ecolife/layout2/en/104-fresh-food4ccd.html]
[demo.posthemes.com/pos_ecolife/layout2/en/104-fresh-food65bd.html]
[demo.posthemes.com/pos_ecolife/layout2/en/104-fresh-foodb9ad.html]
[demo.posthemes.com/pos_ecolife/layout2/en/104-fresh-foodd6d4.html]
[demo.posthemes.com/pos_ecolife/layout2/en/104-fresh-food537c.html]
[demo.posthemes.com/pos_ecolife/layout2/en/104-fresh-food510a.html]
[demo.posthemes.com/pos_ecolife/layout2/en/104-fresh-food95c9.html]
[demo.posthemes.com/pos_ecolife/layout2/en/104-fresh-foodbcc2.html]
[demo.posthemes.com/pos_ecolife/layout2/en/104-fresh-food273a.html]
[demo.posthemes.com/pos_ecolife/layout2/en/104-fresh-food07cd.html]
[demo.posthemes.com/pos_ecolife/layout2/en/104-fresh-food66a9.html]
[demo.posthemes.com/pos_ecolife/layout2/en/104-fresh-food5bbb.html]
[demo.posthemes.com/pos_ecolife/layout2/en/104-fresh-food7b6e.html]
[demo.posthemes.com/pos_ecolife/layout2/en/104-fresh-foode1f8.html]
[demo.posthemes.com/pos_ecolife/layout2/en/104-fresh-food1bb9.html]
[demo.posthemes.com/pos_ecolife/layout2/en/104-fresh-food828e.html]
[demo.posthemes.com/pos_ecolife/layout2/en/104-fresh-food4434.html]
[demo.posthemes.com/pos_ecolife/layout2/en/104-fresh-food2a6d.html]
[demo.posthemes.com/pos_ecolife/layout2/en/104-fresh-food057e.html]
[demo.posthemes.com/pos_ecolife/layout2/en/104-fresh-food16fb.html]
[demo.posthemes.com/pos_ecolife/layout2/en/104-fresh-food4316.html]
[demo.posthemes.com/pos_ecolife/layout2/en/104-fresh-food85e5.html]
[demo.posthemes.com/pos_ecolife/layout2/en/104-fresh-food48c1.html]
[demo.posthemes.com/pos_ecolife/layout2/en/104-fresh-food701b.html]
[demo.posthemes.com/pos_ecolife/layout2/en/104-fresh-foodd3b7.html]
[demo.posthemes.com/pos_ecolife/layout2/en/search0ae0.html]
[demo.posthemes.com/pos_ecolife/layout2/en/searchc9de.html]
[demo.posthemes.com/pos_ecolife/layout2/en/search83c1.html]
[demo.posthemes.com/pos_ecolife/layout2/en/searchf518.html]
[demo.posthemes.com/pos_ecolife/layout2/en/104-fresh-foodf917.html]
[demo.posthemes.com/pos_ecolife/layout2/en/104-fresh-foodfe2d.html]
[demo.posthemes.com/pos_ecolife/layout2/en/104-fresh-food0279.html]
[demo.posthemes.com/pos_ecolife/layout2/en/104-fresh-food8eb3.html]
[demo.posthemes.com/pos_ecolife/layout2/en/104-fresh-food04e6.html]
[demo.posthemes.com/pos_ecolife/layout2/en/104-fresh-food4658.html]
[demo.posthemes.com/pos_ecolife/layout2/en/183-fresh-fruit6edc.html]
[demo.posthemes.com/pos_ecolife/layout2/en/183-fresh-fruite3c8.html]
[demo.posthemes.com/pos_ecolife/layout2/en/183-fresh-fruit2df7.html]
[demo.posthemes.com/pos_ecolife/layout2/en/183-fresh-fruit7569.html]
[demo.posthemes.com/pos_ecolife/layout2/en/183-fresh-fruit2069.html]
[demo.posthemes.com/pos_ecolife/layout2/en/183-fresh-fruit9a2a.html]
[demo.posthemes.com/pos_ecolife/layout2/en/183-fresh-fruit5b4f.html]
[demo.posthemes.com/pos_ecolife/layout2/en/183-fresh-fruitb9ad.html]
[demo.posthemes.com/pos_ecolife/layout2/en/183-fresh-fruit7b6e.html]
[demo.posthemes.com/pos_ecolife/layout2/en/183-fresh-fruit1bb9.html]
[demo.posthemes.com/pos_ecolife/layout2/en/183-fresh-fruit828e.html]
[demo.posthemes.com/pos_ecolife/layout2/en/183-fresh-fruit4434.html]
[demo.posthemes.com/pos_ecolife/layout2/en/183-fresh-fruit2a6d.html]
[demo.posthemes.com/pos_ecolife/layout2/en/183-fresh-fruit057e.html]
[demo.posthemes.com/pos_ecolife/layout2/en/183-fresh-fruit16fb.html]
